Archive member included to satisfy reference by file (symbol)

.\CortexM3\ARM_GCC_541\Debug\Bluetooth01.a(LCD.o)
                              .\CortexM3\ARM_GCC_541\Debug\main.o (LCD_PutChar)
.\CortexM3\ARM_GCC_541\Debug\Bluetooth01.a(PWM.o)
                              .\CortexM3\ARM_GCC_541\Debug\main.o (PWM_Start)
.\CortexM3\ARM_GCC_541\Debug\Bluetooth01.a(Clock_1.o)
                              .\CortexM3\ARM_GCC_541\Debug\main.o (Clock_1_Start)
.\CortexM3\ARM_GCC_541\Debug\Bluetooth01.a(UART.o)
                              .\CortexM3\ARM_GCC_541\Debug\main.o (UART_Start)
.\CortexM3\ARM_GCC_541\Debug\Bluetooth01.a(RXisr.o)
                              .\CortexM3\ARM_GCC_541\Debug\main.o (RXisr_StartEx)
.\CortexM3\ARM_GCC_541\Debug\Bluetooth01.a(UART_IntClock.o)
                              .\CortexM3\ARM_GCC_541\Debug\Bluetooth01.a(UART.o) (UART_IntClock_Start)
.\CortexM3\ARM_GCC_541\Debug\Bluetooth01.a(CyLib.o)
                              .\CortexM3\ARM_GCC_541\Debug\Cm3Start.o (CyHalt)
.\CortexM3\ARM_GCC_541\Debug\Bluetooth01.a(cyPm.o)
                              .\CortexM3\ARM_GCC_541\Debug\Bluetooth01.a(CyLib.o) (CyPmReadStatus)
.\CortexM3\ARM_GCC_541\Debug\Bluetooth01.a(CyBootAsmGnu.o)
                              .\CortexM3\ARM_GCC_541\Debug\cyfitter_cfg.o (CyDelayCycles)
.\CortexM3\ARM_GCC_541\Debug\Bluetooth01.a(CyFlash.o)
                              .\CortexM3\ARM_GCC_541\Debug\Bluetooth01.a(cyPm.o) (CyFlash_SetWaitCycles)
.\CortexM3\ARM_GCC_541\Debug\Bluetooth01.a(CySpc.o)
                              .\CortexM3\ARM_GCC_541\Debug\Bluetooth01.a(CyFlash.o) (CySpcStart)
c:/program files (x86)/cypress/psoc creator/4.2/psoc creator/import/gnu/arm/5.4.1/bin/../lib/gcc/arm-none-eabi/5.4.1/../../../../arm-none-eabi/lib/armv7-m\libg_nano.a(lib_a-errno.o)
                              .\CortexM3\ARM_GCC_541\Debug\Cm3Start.o (__errno)
c:/program files (x86)/cypress/psoc creator/4.2/psoc creator/import/gnu/arm/5.4.1/bin/../lib/gcc/arm-none-eabi/5.4.1/../../../../arm-none-eabi/lib/armv7-m\libg_nano.a(lib_a-exit.o)
                              c:/program files (x86)/cypress/psoc creator/4.2/psoc creator/import/gnu/arm/5.4.1/bin/../lib/gcc/arm-none-eabi/5.4.1/../../../../arm-none-eabi/lib/armv7-m/crt0.o (exit)
c:/program files (x86)/cypress/psoc creator/4.2/psoc creator/import/gnu/arm/5.4.1/bin/../lib/gcc/arm-none-eabi/5.4.1/../../../../arm-none-eabi/lib/armv7-m\libg_nano.a(lib_a-impure.o)
                              c:/program files (x86)/cypress/psoc creator/4.2/psoc creator/import/gnu/arm/5.4.1/bin/../lib/gcc/arm-none-eabi/5.4.1/../../../../arm-none-eabi/lib/armv7-m\libg_nano.a(lib_a-exit.o) (_global_impure_ptr)
c:/program files (x86)/cypress/psoc creator/4.2/psoc creator/import/gnu/arm/5.4.1/bin/../lib/gcc/arm-none-eabi/5.4.1/../../../../arm-none-eabi/lib/armv7-m\libg_nano.a(lib_a-init.o)
                              c:/program files (x86)/cypress/psoc creator/4.2/psoc creator/import/gnu/arm/5.4.1/bin/../lib/gcc/arm-none-eabi/5.4.1/../../../../arm-none-eabi/lib/armv7-m/crt0.o (__libc_init_array)
c:/program files (x86)/cypress/psoc creator/4.2/psoc creator/import/gnu/arm/5.4.1/bin/../lib/gcc/arm-none-eabi/5.4.1/../../../../arm-none-eabi/lib/armv7-m\libg_nano.a(lib_a-memcpy-stub.o)
                              .\CortexM3\ARM_GCC_541\Debug\cyfitter_cfg.o (memcpy)
c:/program files (x86)/cypress/psoc creator/4.2/psoc creator/import/gnu/arm/5.4.1/bin/../lib/gcc/arm-none-eabi/5.4.1/../../../../arm-none-eabi/lib/armv7-m\libg_nano.a(lib_a-memset.o)
                              c:/program files (x86)/cypress/psoc creator/4.2/psoc creator/import/gnu/arm/5.4.1/bin/../lib/gcc/arm-none-eabi/5.4.1/../../../../arm-none-eabi/lib/armv7-m/crt0.o (memset)

Allocating common symbols
Common symbol       size              file

dato                0x1               .\CortexM3\ARM_GCC_541\Debug\main.o
dieTemperature      0x2               .\CortexM3\ARM_GCC_541\Debug\Bluetooth01.a(CyFlash.o)

Discarded input sections

 .text          0x00000000        0x0 c:/program files (x86)/cypress/psoc creator/4.2/psoc creator/import/gnu/arm/5.4.1/bin/../lib/gcc/arm-none-eabi/5.4.1/armv7-m/crti.o
 .data          0x00000000        0x0 c:/program files (x86)/cypress/psoc creator/4.2/psoc creator/import/gnu/arm/5.4.1/bin/../lib/gcc/arm-none-eabi/5.4.1/armv7-m/crti.o
 .bss           0x00000000        0x0 c:/program files (x86)/cypress/psoc creator/4.2/psoc creator/import/gnu/arm/5.4.1/bin/../lib/gcc/arm-none-eabi/5.4.1/armv7-m/crti.o
 .data          0x00000000        0x4 c:/program files (x86)/cypress/psoc creator/4.2/psoc creator/import/gnu/arm/5.4.1/bin/../lib/gcc/arm-none-eabi/5.4.1/armv7-m/crtbegin.o
 .text          0x00000000       0x74 c:/program files (x86)/cypress/psoc creator/4.2/psoc creator/import/gnu/arm/5.4.1/bin/../lib/gcc/arm-none-eabi/5.4.1/../../../../arm-none-eabi/lib/armv7-m/crt0.o
 .data          0x00000000        0x0 c:/program files (x86)/cypress/psoc creator/4.2/psoc creator/import/gnu/arm/5.4.1/bin/../lib/gcc/arm-none-eabi/5.4.1/../../../../arm-none-eabi/lib/armv7-m/crt0.o
 .bss           0x00000000        0x0 c:/program files (x86)/cypress/psoc creator/4.2/psoc creator/import/gnu/arm/5.4.1/bin/../lib/gcc/arm-none-eabi/5.4.1/../../../../arm-none-eabi/lib/armv7-m/crt0.o
 .ARM.extab     0x00000000        0x0 c:/program files (x86)/cypress/psoc creator/4.2/psoc creator/import/gnu/arm/5.4.1/bin/../lib/gcc/arm-none-eabi/5.4.1/../../../../arm-none-eabi/lib/armv7-m/crt0.o
 .ARM.exidx     0x00000000        0x8 c:/program files (x86)/cypress/psoc creator/4.2/psoc creator/import/gnu/arm/5.4.1/bin/../lib/gcc/arm-none-eabi/5.4.1/../../../../arm-none-eabi/lib/armv7-m/crt0.o
 .text          0x00000000        0x0 .\CortexM3\ARM_GCC_541\Debug\main.o
 .data          0x00000000        0x0 .\CortexM3\ARM_GCC_541\Debug\main.o
 .text          0x00000000        0x0 .\CortexM3\ARM_GCC_541\Debug\cyfitter_cfg.o
 .data          0x00000000        0x0 .\CortexM3\ARM_GCC_541\Debug\cyfitter_cfg.o
 .bss           0x00000000        0x0 .\CortexM3\ARM_GCC_541\Debug\cyfitter_cfg.o
 .text.SetAnalogRoutingPumps
                0x00000000       0x10 .\CortexM3\ARM_GCC_541\Debug\cyfitter_cfg.o
 .text          0x00000000        0x0 .\CortexM3\ARM_GCC_541\Debug\cymetadata.o
 .data          0x00000000        0x0 .\CortexM3\ARM_GCC_541\Debug\cymetadata.o
 .bss           0x00000000        0x0 .\CortexM3\ARM_GCC_541\Debug\cymetadata.o
 .text          0x00000000        0x0 .\CortexM3\ARM_GCC_541\Debug\Cm3Start.o
 .data          0x00000000        0x4 .\CortexM3\ARM_GCC_541\Debug\Cm3Start.o
 .bss           0x00000000        0x0 .\CortexM3\ARM_GCC_541\Debug\Cm3Start.o
 .text._exit    0x00000000        0xc .\CortexM3\ARM_GCC_541\Debug\Cm3Start.o
 .text._sbrk    0x00000000       0x30 .\CortexM3\ARM_GCC_541\Debug\Cm3Start.o
 .text          0x00000000        0x0 .\CortexM3\ARM_GCC_541\Debug\Bluetooth01.a(LCD.o)
 .data          0x00000000        0x0 .\CortexM3\ARM_GCC_541\Debug\Bluetooth01.a(LCD.o)
 .text.LCD_PrintString
                0x00000000       0x1c .\CortexM3\ARM_GCC_541\Debug\Bluetooth01.a(LCD.o)
 .text.LCD_Stop
                0x00000000       0x14 .\CortexM3\ARM_GCC_541\Debug\Bluetooth01.a(LCD.o)
 .text.LCD_PrintInt8
                0x00000000       0x20 .\CortexM3\ARM_GCC_541\Debug\Bluetooth01.a(LCD.o)
 .text.LCD_PrintInt16
                0x00000000       0x14 .\CortexM3\ARM_GCC_541\Debug\Bluetooth01.a(LCD.o)
 .text.LCD_PrintInt32
                0x00000000       0x1c .\CortexM3\ARM_GCC_541\Debug\Bluetooth01.a(LCD.o)
 .text.LCD_PrintU32Number
                0x00000000       0x64 .\CortexM3\ARM_GCC_541\Debug\Bluetooth01.a(LCD.o)
 .rodata        0x00000000       0x10 .\CortexM3\ARM_GCC_541\Debug\Bluetooth01.a(LCD.o)
 .text          0x00000000        0x0 .\CortexM3\ARM_GCC_541\Debug\Bluetooth01.a(PWM.o)
 .data          0x00000000        0x0 .\CortexM3\ARM_GCC_541\Debug\Bluetooth01.a(PWM.o)
 .text.PWM_Stop
                0x00000000       0x10 .\CortexM3\ARM_GCC_541\Debug\Bluetooth01.a(PWM.o)
 .text.PWM_ReadCounter
                0x00000000       0x14 .\CortexM3\ARM_GCC_541\Debug\Bluetooth01.a(PWM.o)
 .text.PWM_ReadControlRegister
                0x00000000        0xc .\CortexM3\ARM_GCC_541\Debug\Bluetooth01.a(PWM.o)
 .text.PWM_WriteControlRegister
                0x00000000        0xc .\CortexM3\ARM_GCC_541\Debug\Bluetooth01.a(PWM.o)
 .text.PWM_ReadCompare
                0x00000000        0xc .\CortexM3\ARM_GCC_541\Debug\Bluetooth01.a(PWM.o)
 .text.PWM_ReadPeriod
                0x00000000        0xc .\CortexM3\ARM_GCC_541\Debug\Bluetooth01.a(PWM.o)
 .text          0x00000000        0x0 .\CortexM3\ARM_GCC_541\Debug\Bluetooth01.a(Clock_1.o)
 .data          0x00000000        0x0 .\CortexM3\ARM_GCC_541\Debug\Bluetooth01.a(Clock_1.o)
 .bss           0x00000000        0x0 .\CortexM3\ARM_GCC_541\Debug\Bluetooth01.a(Clock_1.o)
 .text.Clock_1_Stop
                0x00000000       0x1c .\CortexM3\ARM_GCC_541\Debug\Bluetooth01.a(Clock_1.o)
 .text.Clock_1_StopBlock
                0x00000000       0x6c .\CortexM3\ARM_GCC_541\Debug\Bluetooth01.a(Clock_1.o)
 .text.Clock_1_StandbyPower
                0x00000000       0x20 .\CortexM3\ARM_GCC_541\Debug\Bluetooth01.a(Clock_1.o)
 .text.Clock_1_GetDividerRegister
                0x00000000        0xc .\CortexM3\ARM_GCC_541\Debug\Bluetooth01.a(Clock_1.o)
 .text.Clock_1_SetModeRegister
                0x00000000       0x14 .\CortexM3\ARM_GCC_541\Debug\Bluetooth01.a(Clock_1.o)
 .text.Clock_1_ClearModeRegister
                0x00000000       0x18 .\CortexM3\ARM_GCC_541\Debug\Bluetooth01.a(Clock_1.o)
 .text.Clock_1_GetModeRegister
                0x00000000       0x10 .\CortexM3\ARM_GCC_541\Debug\Bluetooth01.a(Clock_1.o)
 .text.Clock_1_GetSourceRegister
                0x00000000       0x10 .\CortexM3\ARM_GCC_541\Debug\Bluetooth01.a(Clock_1.o)
 .text.Clock_1_SetDividerRegister
                0x00000000       0xdc .\CortexM3\ARM_GCC_541\Debug\Bluetooth01.a(Clock_1.o)
 .text.Clock_1_SetSourceRegister
                0x00000000       0x5c .\CortexM3\ARM_GCC_541\Debug\Bluetooth01.a(Clock_1.o)
 .text          0x00000000        0x0 .\CortexM3\ARM_GCC_541\Debug\Bluetooth01.a(UART.o)
 .data          0x00000000        0x0 .\CortexM3\ARM_GCC_541\Debug\Bluetooth01.a(UART.o)
 .text.UART_Stop
                0x00000000       0x30 .\CortexM3\ARM_GCC_541\Debug\Bluetooth01.a(UART.o)
 .text.UART_ReadControlRegister
                0x00000000        0x4 .\CortexM3\ARM_GCC_541\Debug\Bluetooth01.a(UART.o)
 .text.UART_WriteControlRegister
                0x00000000        0x4 .\CortexM3\ARM_GCC_541\Debug\Bluetooth01.a(UART.o)
 .text.UART_SetRxInterruptMode
                0x00000000        0xc .\CortexM3\ARM_GCC_541\Debug\Bluetooth01.a(UART.o)
 .text.UART_ReadRxData
                0x00000000        0xc .\CortexM3\ARM_GCC_541\Debug\Bluetooth01.a(UART.o)
 .text.UART_ReadRxStatus
                0x00000000       0x10 .\CortexM3\ARM_GCC_541\Debug\Bluetooth01.a(UART.o)
 .text.UART_GetByte
                0x00000000       0x14 .\CortexM3\ARM_GCC_541\Debug\Bluetooth01.a(UART.o)
 .text.UART_GetRxBufferSize
                0x00000000       0x18 .\CortexM3\ARM_GCC_541\Debug\Bluetooth01.a(UART.o)
 .text.UART_ClearRxBuffer
                0x00000000       0x24 .\CortexM3\ARM_GCC_541\Debug\Bluetooth01.a(UART.o)
 .text.UART_SetRxAddressMode
                0x00000000        0x4 .\CortexM3\ARM_GCC_541\Debug\Bluetooth01.a(UART.o)
 .text.UART_SetRxAddress1
                0x00000000        0xc .\CortexM3\ARM_GCC_541\Debug\Bluetooth01.a(UART.o)
 .text.UART_SetRxAddress2
                0x00000000        0xc .\CortexM3\ARM_GCC_541\Debug\Bluetooth01.a(UART.o)
 .text          0x00000000        0x0 .\CortexM3\ARM_GCC_541\Debug\Bluetooth01.a(RXisr.o)
 .data          0x00000000        0x0 .\CortexM3\ARM_GCC_541\Debug\Bluetooth01.a(RXisr.o)
 .bss           0x00000000        0x0 .\CortexM3\ARM_GCC_541\Debug\Bluetooth01.a(RXisr.o)
 .text.RXisr_Interrupt
                0x00000000        0x4 .\CortexM3\ARM_GCC_541\Debug\Bluetooth01.a(RXisr.o)
 .text.RXisr_GetVector
                0x00000000        0xc .\CortexM3\ARM_GCC_541\Debug\Bluetooth01.a(RXisr.o)
 .text.RXisr_GetPriority
                0x00000000        0xc .\CortexM3\ARM_GCC_541\Debug\Bluetooth01.a(RXisr.o)
 .text.RXisr_GetState
                0x00000000       0x10 .\CortexM3\ARM_GCC_541\Debug\Bluetooth01.a(RXisr.o)
 .text.RXisr_Start
                0x00000000       0x1c .\CortexM3\ARM_GCC_541\Debug\Bluetooth01.a(RXisr.o)
 .text.RXisr_Stop
                0x00000000       0x14 .\CortexM3\ARM_GCC_541\Debug\Bluetooth01.a(RXisr.o)
 .text.RXisr_SetPending
                0x00000000        0xc .\CortexM3\ARM_GCC_541\Debug\Bluetooth01.a(RXisr.o)
 .text.RXisr_ClearPending
                0x00000000        0xc .\CortexM3\ARM_GCC_541\Debug\Bluetooth01.a(RXisr.o)
 .text          0x00000000        0x0 .\CortexM3\ARM_GCC_541\Debug\Bluetooth01.a(UART_IntClock.o)
 .data          0x00000000        0x0 .\CortexM3\ARM_GCC_541\Debug\Bluetooth01.a(UART_IntClock.o)
 .bss           0x00000000        0x0 .\CortexM3\ARM_GCC_541\Debug\Bluetooth01.a(UART_IntClock.o)
 .text.UART_IntClock_Stop
                0x00000000       0x1c .\CortexM3\ARM_GCC_541\Debug\Bluetooth01.a(UART_IntClock.o)
 .text.UART_IntClock_StopBlock
                0x00000000       0x6c .\CortexM3\ARM_GCC_541\Debug\Bluetooth01.a(UART_IntClock.o)
 .text.UART_IntClock_StandbyPower
                0x00000000       0x20 .\CortexM3\ARM_GCC_541\Debug\Bluetooth01.a(UART_IntClock.o)
 .text.UART_IntClock_GetDividerRegister
                0x00000000        0xc .\CortexM3\ARM_GCC_541\Debug\Bluetooth01.a(UART_IntClock.o)
 .text.UART_IntClock_SetModeRegister
                0x00000000       0x14 .\CortexM3\ARM_GCC_541\Debug\Bluetooth01.a(UART_IntClock.o)
 .text.UART_IntClock_ClearModeRegister
                0x00000000       0x18 .\CortexM3\ARM_GCC_541\Debug\Bluetooth01.a(UART_IntClock.o)
 .text.UART_IntClock_GetModeRegister
                0x00000000       0x10 .\CortexM3\ARM_GCC_541\Debug\Bluetooth01.a(UART_IntClock.o)
 .text.UART_IntClock_GetSourceRegister
                0x00000000       0x10 .\CortexM3\ARM_GCC_541\Debug\Bluetooth01.a(UART_IntClock.o)
 .text.UART_IntClock_SetDividerRegister
                0x00000000       0xd8 .\CortexM3\ARM_GCC_541\Debug\Bluetooth01.a(UART_IntClock.o)
 .text.UART_IntClock_SetSourceRegister
                0x00000000       0x5c .\CortexM3\ARM_GCC_541\Debug\Bluetooth01.a(UART_IntClock.o)
 .text          0x00000000        0x0 .\CortexM3\ARM_GCC_541\Debug\Bluetooth01.a(CyLib.o)
 .bss           0x00000000       0x1c .\CortexM3\ARM_GCC_541\Debug\Bluetooth01.a(CyLib.o)
 .text.CyUSB_PowerOnCheck
                0x00000000       0x48 .\CortexM3\ARM_GCC_541\Debug\Bluetooth01.a(CyLib.o)
 .text.CyBusClk_Internal_SetDivider
                0x00000000       0x48 .\CortexM3\ARM_GCC_541\Debug\Bluetooth01.a(CyLib.o)
 .text.CyPLL_OUT_Stop
                0x00000000       0x10 .\CortexM3\ARM_GCC_541\Debug\Bluetooth01.a(CyLib.o)
 .text.CyIMO_Stop
                0x00000000       0x1c .\CortexM3\ARM_GCC_541\Debug\Bluetooth01.a(CyLib.o)
 .text.CyIMO_EnableDoubler
                0x00000000       0x10 .\CortexM3\ARM_GCC_541\Debug\Bluetooth01.a(CyLib.o)
 .text.CyIMO_DisableDoubler
                0x00000000       0x10 .\CortexM3\ARM_GCC_541\Debug\Bluetooth01.a(CyLib.o)
 .text.CyMasterClk_SetSource
                0x00000000       0x18 .\CortexM3\ARM_GCC_541\Debug\Bluetooth01.a(CyLib.o)
 .text.CyMasterClk_SetDivider
                0x00000000        0xc .\CortexM3\ARM_GCC_541\Debug\Bluetooth01.a(CyLib.o)
 .text.CyBusClk_SetDivider
                0x00000000       0x70 .\CortexM3\ARM_GCC_541\Debug\Bluetooth01.a(CyLib.o)
 .text.CyUsbClk_SetSource
                0x00000000       0x18 .\CortexM3\ARM_GCC_541\Debug\Bluetooth01.a(CyLib.o)
 .text.CyILO_Start1K
                0x00000000       0x10 .\CortexM3\ARM_GCC_541\Debug\Bluetooth01.a(CyLib.o)
 .text.CyILO_Stop1K
                0x00000000       0x10 .\CortexM3\ARM_GCC_541\Debug\Bluetooth01.a(CyLib.o)
 .text.CyILO_Start100K
                0x00000000       0x10 .\CortexM3\ARM_GCC_541\Debug\Bluetooth01.a(CyLib.o)
 .text.CyILO_Stop100K
                0x00000000       0x10 .\CortexM3\ARM_GCC_541\Debug\Bluetooth01.a(CyLib.o)
 .text.CyPLL_OUT_Start
                0x00000000       0x78 .\CortexM3\ARM_GCC_541\Debug\Bluetooth01.a(CyLib.o)
 .text.CyIMO_Start
                0x00000000       0x60 .\CortexM3\ARM_GCC_541\Debug\Bluetooth01.a(CyLib.o)
 .text.CyILO_Enable33K
                0x00000000       0x10 .\CortexM3\ARM_GCC_541\Debug\Bluetooth01.a(CyLib.o)
 .text.CyILO_Disable33K
                0x00000000       0x10 .\CortexM3\ARM_GCC_541\Debug\Bluetooth01.a(CyLib.o)
 .text.CyILO_SetSource
                0x00000000       0x18 .\CortexM3\ARM_GCC_541\Debug\Bluetooth01.a(CyLib.o)
 .text.CyILO_SetPowerMode
                0x00000000       0x24 .\CortexM3\ARM_GCC_541\Debug\Bluetooth01.a(CyLib.o)
 .text.CyXTAL_32KHZ_Stop
                0x00000000       0x30 .\CortexM3\ARM_GCC_541\Debug\Bluetooth01.a(CyLib.o)
 .text.CyXTAL_32KHZ_ReadStatus
                0x00000000       0x10 .\CortexM3\ARM_GCC_541\Debug\Bluetooth01.a(CyLib.o)
 .text.CyXTAL_Start
                0x00000000       0xac .\CortexM3\ARM_GCC_541\Debug\Bluetooth01.a(CyLib.o)
 .text.CyXTAL_Stop
                0x00000000       0x10 .\CortexM3\ARM_GCC_541\Debug\Bluetooth01.a(CyLib.o)
 .text.CyXTAL_EnableErrStatus
                0x00000000       0x10 .\CortexM3\ARM_GCC_541\Debug\Bluetooth01.a(CyLib.o)
 .text.CyXTAL_DisableErrStatus
                0x00000000       0x10 .\CortexM3\ARM_GCC_541\Debug\Bluetooth01.a(CyLib.o)
 .text.CyXTAL_ReadStatus
                0x00000000       0x18 .\CortexM3\ARM_GCC_541\Debug\Bluetooth01.a(CyLib.o)
 .text.CyXTAL_EnableFaultRecovery
                0x00000000       0x10 .\CortexM3\ARM_GCC_541\Debug\Bluetooth01.a(CyLib.o)
 .text.CyXTAL_DisableFaultRecovery
                0x00000000       0x10 .\CortexM3\ARM_GCC_541\Debug\Bluetooth01.a(CyLib.o)
 .text.CyXTAL_SetStartup
                0x00000000       0x18 .\CortexM3\ARM_GCC_541\Debug\Bluetooth01.a(CyLib.o)
 .text.CyXTAL_SetFbVoltage
                0x00000000       0x18 .\CortexM3\ARM_GCC_541\Debug\Bluetooth01.a(CyLib.o)
 .text.CyXTAL_SetWdVoltage
                0x00000000       0x18 .\CortexM3\ARM_GCC_541\Debug\Bluetooth01.a(CyLib.o)
 .text.CyHalt   0x00000000        0x4 .\CortexM3\ARM_GCC_541\Debug\Bluetooth01.a(CyLib.o)
 .text.CyPLL_OUT_SetPQ
                0x00000000       0x60 .\CortexM3\ARM_GCC_541\Debug\Bluetooth01.a(CyLib.o)
 .text.CyPLL_OUT_SetSource
                0x00000000       0x34 .\CortexM3\ARM_GCC_541\Debug\Bluetooth01.a(CyLib.o)
 .text.CyIMO_SetTrimValue
                0x00000000       0xcc .\CortexM3\ARM_GCC_541\Debug\Bluetooth01.a(CyLib.o)
 .text.CyIMO_SetFreq
                0x00000000       0xf4 .\CortexM3\ARM_GCC_541\Debug\Bluetooth01.a(CyLib.o)
 .text.CyIMO_SetSource
                0x00000000       0x58 .\CortexM3\ARM_GCC_541\Debug\Bluetooth01.a(CyLib.o)
 .text.CySoftwareReset
                0x00000000       0x10 .\CortexM3\ARM_GCC_541\Debug\Bluetooth01.a(CyLib.o)
 .text.CyXTAL_32KHZ_SetPowerMode
                0x00000000       0x84 .\CortexM3\ARM_GCC_541\Debug\Bluetooth01.a(CyLib.o)
 .text.CyXTAL_32KHZ_Start
                0x00000000       0x74 .\CortexM3\ARM_GCC_541\Debug\Bluetooth01.a(CyLib.o)
 .text.CyDelayFreq
                0x00000000       0x4c .\CortexM3\ARM_GCC_541\Debug\Bluetooth01.a(CyLib.o)
 .text.CyWdtStart
                0x00000000       0x40 .\CortexM3\ARM_GCC_541\Debug\Bluetooth01.a(CyLib.o)
 .text.CyWdtClear
                0x00000000        0xc .\CortexM3\ARM_GCC_541\Debug\Bluetooth01.a(CyLib.o)
 .text.CyVdStickyStatus
                0x00000000       0x2c .\CortexM3\ARM_GCC_541\Debug\Bluetooth01.a(CyLib.o)
 .text.CyVdLvDigitEnable
                0x00000000       0x84 .\CortexM3\ARM_GCC_541\Debug\Bluetooth01.a(CyLib.o)
 .text.CyVdLvAnalogEnable
                0x00000000       0x80 .\CortexM3\ARM_GCC_541\Debug\Bluetooth01.a(CyLib.o)
 .text.CyVdLvDigitDisable
                0x00000000       0x30 .\CortexM3\ARM_GCC_541\Debug\Bluetooth01.a(CyLib.o)
 .text.CyVdLvAnalogDisable
                0x00000000       0x28 .\CortexM3\ARM_GCC_541\Debug\Bluetooth01.a(CyLib.o)
 .text.CyVdHvAnalogEnable
                0x00000000       0x54 .\CortexM3\ARM_GCC_541\Debug\Bluetooth01.a(CyLib.o)
 .text.CyVdHvAnalogDisable
                0x00000000       0x20 .\CortexM3\ARM_GCC_541\Debug\Bluetooth01.a(CyLib.o)
 .text.CyVdRealTimeStatus
                0x00000000       0x1c .\CortexM3\ARM_GCC_541\Debug\Bluetooth01.a(CyLib.o)
 .text.CyDisableInts
                0x00000000       0x1c .\CortexM3\ARM_GCC_541\Debug\Bluetooth01.a(CyLib.o)
 .text.CyEnableInts
                0x00000000       0x18 .\CortexM3\ARM_GCC_541\Debug\Bluetooth01.a(CyLib.o)
 .text.CyFlushCache
                0x00000000       0x44 .\CortexM3\ARM_GCC_541\Debug\Bluetooth01.a(CyLib.o)
 .text.CyIntSetSysVector
                0x00000000       0x28 .\CortexM3\ARM_GCC_541\Debug\Bluetooth01.a(CyLib.o)
 .text.CyIntGetSysVector
                0x00000000       0x20 .\CortexM3\ARM_GCC_541\Debug\Bluetooth01.a(CyLib.o)
 .text.CyIntSetVector
                0x00000000       0x28 .\CortexM3\ARM_GCC_541\Debug\Bluetooth01.a(CyLib.o)
 .text.CyIntGetVector
                0x00000000       0x24 .\CortexM3\ARM_GCC_541\Debug\Bluetooth01.a(CyLib.o)
 .text.CyIntSetPriority
                0x00000000       0x30 .\CortexM3\ARM_GCC_541\Debug\Bluetooth01.a(CyLib.o)
 .text.CyIntGetPriority
                0x00000000       0x20 .\CortexM3\ARM_GCC_541\Debug\Bluetooth01.a(CyLib.o)
 .text.CyIntGetState
                0x00000000       0x24 .\CortexM3\ARM_GCC_541\Debug\Bluetooth01.a(CyLib.o)
 .text.CySysTickStop
                0x00000000       0x10 .\CortexM3\ARM_GCC_541\Debug\Bluetooth01.a(CyLib.o)
 .text.CySysTickEnableInterrupt
                0x00000000       0x10 .\CortexM3\ARM_GCC_541\Debug\Bluetooth01.a(CyLib.o)
 .text.CySysTickEnable
                0x00000000       0x18 .\CortexM3\ARM_GCC_541\Debug\Bluetooth01.a(CyLib.o)
 .text.CySysTickDisableInterrupt
                0x00000000       0x10 .\CortexM3\ARM_GCC_541\Debug\Bluetooth01.a(CyLib.o)
 .text.CySysTickSetReload
                0x00000000       0x10 .\CortexM3\ARM_GCC_541\Debug\Bluetooth01.a(CyLib.o)
 .text.CySysTickGetReload
                0x00000000       0x10 .\CortexM3\ARM_GCC_541\Debug\Bluetooth01.a(CyLib.o)
 .text.CySysTickGetValue
                0x00000000       0x10 .\CortexM3\ARM_GCC_541\Debug\Bluetooth01.a(CyLib.o)
 .text.CySysTickSetClockSource
                0x00000000       0x20 .\CortexM3\ARM_GCC_541\Debug\Bluetooth01.a(CyLib.o)
 .text.CySysTickGetClockSource
                0x00000000       0x10 .\CortexM3\ARM_GCC_541\Debug\Bluetooth01.a(CyLib.o)
 .text.CySysTickGetCountFlag
                0x00000000       0x10 .\CortexM3\ARM_GCC_541\Debug\Bluetooth01.a(CyLib.o)
 .text.CySysTickServiceCallbacks
                0x00000000       0x28 .\CortexM3\ARM_GCC_541\Debug\Bluetooth01.a(CyLib.o)
 .text.CySysTickClear
                0x00000000        0xc .\CortexM3\ARM_GCC_541\Debug\Bluetooth01.a(CyLib.o)
 .text.CySysTickInit
                0x00000000       0x58 .\CortexM3\ARM_GCC_541\Debug\Bluetooth01.a(CyLib.o)
 .text.CySysTickStart
                0x00000000       0x1c .\CortexM3\ARM_GCC_541\Debug\Bluetooth01.a(CyLib.o)
 .text.CySysTickSetCallback
                0x00000000       0x10 .\CortexM3\ARM_GCC_541\Debug\Bluetooth01.a(CyLib.o)
 .text.CySysTickGetCallback
                0x00000000       0x10 .\CortexM3\ARM_GCC_541\Debug\Bluetooth01.a(CyLib.o)
 .text.CyGetUniqueId
                0x00000000       0x70 .\CortexM3\ARM_GCC_541\Debug\Bluetooth01.a(CyLib.o)
 .text          0x00000000        0x0 .\CortexM3\ARM_GCC_541\Debug\Bluetooth01.a(cyPm.o)
 .data          0x00000000        0x0 .\CortexM3\ARM_GCC_541\Debug\Bluetooth01.a(cyPm.o)
 .bss           0x00000000       0x43 .\CortexM3\ARM_GCC_541\Debug\Bluetooth01.a(cyPm.o)
 .text.CyPmHibSlpSaveSet
                0x00000000      0x1dc .\CortexM3\ARM_GCC_541\Debug\Bluetooth01.a(cyPm.o)
 .text.CyPmHibSlpRestore
                0x00000000       0xd8 .\CortexM3\ARM_GCC_541\Debug\Bluetooth01.a(cyPm.o)
 .text.CyPmHviLviSaveDisable
                0x00000000       0xa0 .\CortexM3\ARM_GCC_541\Debug\Bluetooth01.a(cyPm.o)
 .text.CyPmHibSaveSet
                0x00000000       0x98 .\CortexM3\ARM_GCC_541\Debug\Bluetooth01.a(cyPm.o)
 .text.CyPmHviLviRestore
                0x00000000       0x48 .\CortexM3\ARM_GCC_541\Debug\Bluetooth01.a(cyPm.o)
 .text.CyPmHibRestore
                0x00000000       0x60 .\CortexM3\ARM_GCC_541\Debug\Bluetooth01.a(cyPm.o)
 .text.CyPmSaveClocks
                0x00000000      0x218 .\CortexM3\ARM_GCC_541\Debug\Bluetooth01.a(cyPm.o)
 .text.CyPmRestoreClocks
                0x00000000      0x24c .\CortexM3\ARM_GCC_541\Debug\Bluetooth01.a(cyPm.o)
 .text.CyPmAltAct
                0x00000000       0x6c .\CortexM3\ARM_GCC_541\Debug\Bluetooth01.a(cyPm.o)
 .text.CyPmSleep
                0x00000000       0xf4 .\CortexM3\ARM_GCC_541\Debug\Bluetooth01.a(cyPm.o)
 .text.CyPmHibernateEx
                0x00000000       0xf4 .\CortexM3\ARM_GCC_541\Debug\Bluetooth01.a(cyPm.o)
 .text.CyPmHibernate
                0x00000000        0xc .\CortexM3\ARM_GCC_541\Debug\Bluetooth01.a(cyPm.o)
 .text.CyPmReadStatus
                0x00000000       0x30 .\CortexM3\ARM_GCC_541\Debug\Bluetooth01.a(cyPm.o)
 .text.CyPmCtwSetInterval
                0x00000000       0x5c .\CortexM3\ARM_GCC_541\Debug\Bluetooth01.a(cyPm.o)
 .text.CyPmOppsSet
                0x00000000       0x2c .\CortexM3\ARM_GCC_541\Debug\Bluetooth01.a(cyPm.o)
 .text.CyPmFtwSetInterval
                0x00000000       0x5c .\CortexM3\ARM_GCC_541\Debug\Bluetooth01.a(cyPm.o)
 .rodata        0x00000000        0xf .\CortexM3\ARM_GCC_541\Debug\Bluetooth01.a(cyPm.o)
 .data          0x00000000        0x0 .\CortexM3\ARM_GCC_541\Debug\Bluetooth01.a(CyBootAsmGnu.o)
 .bss           0x00000000        0x0 .\CortexM3\ARM_GCC_541\Debug\Bluetooth01.a(CyBootAsmGnu.o)
 .text          0x00000000        0x0 .\CortexM3\ARM_GCC_541\Debug\Bluetooth01.a(CyFlash.o)
 .data          0x00000000        0x0 .\CortexM3\ARM_GCC_541\Debug\Bluetooth01.a(CyFlash.o)
 .bss           0x00000000        0x0 .\CortexM3\ARM_GCC_541\Debug\Bluetooth01.a(CyFlash.o)
 .text.CySetTempInt
                0x00000000       0x60 .\CortexM3\ARM_GCC_541\Debug\Bluetooth01.a(CyFlash.o)
 .text.CyFlash_Start
                0x00000000       0x54 .\CortexM3\ARM_GCC_541\Debug\Bluetooth01.a(CyFlash.o)
 .text.CyFlash_Stop
                0x00000000       0x24 .\CortexM3\ARM_GCC_541\Debug\Bluetooth01.a(CyFlash.o)
 .text.CyFlash_EraseRow
                0x00000000       0x78 .\CortexM3\ARM_GCC_541\Debug\Bluetooth01.a(CyFlash.o)
 .text.CyFlashGetSpcAlgorithm
                0x00000000       0x4c .\CortexM3\ARM_GCC_541\Debug\Bluetooth01.a(CyFlash.o)
 .text.CySetTemp
                0x00000000       0x14 .\CortexM3\ARM_GCC_541\Debug\Bluetooth01.a(CyFlash.o)
 .text.CySetFlashEEBuffer
                0x00000000       0x20 .\CortexM3\ARM_GCC_541\Debug\Bluetooth01.a(CyFlash.o)
 .text.CyWriteRowFull
                0x00000000       0xf8 .\CortexM3\ARM_GCC_541\Debug\Bluetooth01.a(CyFlash.o)
 .text.CyWriteRowData
                0x00000000       0x14 .\CortexM3\ARM_GCC_541\Debug\Bluetooth01.a(CyFlash.o)
 .text.CyFlash_SetWaitCycles
                0x00000000       0x7c .\CortexM3\ARM_GCC_541\Debug\Bluetooth01.a(CyFlash.o)
 .text.CyEEPROM_Start
                0x00000000       0x54 .\CortexM3\ARM_GCC_541\Debug\Bluetooth01.a(CyFlash.o)
 .text.CyEEPROM_Stop
                0x00000000       0x24 .\CortexM3\ARM_GCC_541\Debug\Bluetooth01.a(CyFlash.o)
 .text.CyEEPROM_ReadReserve
                0x00000000       0x1c .\CortexM3\ARM_GCC_541\Debug\Bluetooth01.a(CyFlash.o)
 .text.CyEEPROM_ReadRelease
                0x00000000       0x10 .\CortexM3\ARM_GCC_541\Debug\Bluetooth01.a(CyFlash.o)
 COMMON         0x00000000        0x2 .\CortexM3\ARM_GCC_541\Debug\Bluetooth01.a(CyFlash.o)
 .text          0x00000000        0x0 .\CortexM3\ARM_GCC_541\Debug\Bluetooth01.a(CySpc.o)
 .data          0x00000000        0x0 .\CortexM3\ARM_GCC_541\Debug\Bluetooth01.a(CySpc.o)
 .bss           0x00000000        0x8 .\CortexM3\ARM_GCC_541\Debug\Bluetooth01.a(CySpc.o)
 .text.CySpcStart
                0x00000000       0x24 .\CortexM3\ARM_GCC_541\Debug\Bluetooth01.a(CySpc.o)
 .text.CySpcStop
                0x00000000       0x24 .\CortexM3\ARM_GCC_541\Debug\Bluetooth01.a(CySpc.o)
 .text.CySpcReadData
                0x00000000       0x34 .\CortexM3\ARM_GCC_541\Debug\Bluetooth01.a(CySpc.o)
 .text.CySpcLoadMultiByte
                0x00000000       0x78 .\CortexM3\ARM_GCC_541\Debug\Bluetooth01.a(CySpc.o)
 .text.CySpcLoadRow
                0x00000000       0x50 .\CortexM3\ARM_GCC_541\Debug\Bluetooth01.a(CySpc.o)
 .text.CySpcLoadRowFull
                0x00000000       0x80 .\CortexM3\ARM_GCC_541\Debug\Bluetooth01.a(CySpc.o)
 .text.CySpcWriteRow
                0x00000000       0x4c .\CortexM3\ARM_GCC_541\Debug\Bluetooth01.a(CySpc.o)
 .text.CySpcEraseSector
                0x00000000       0x3c .\CortexM3\ARM_GCC_541\Debug\Bluetooth01.a(CySpc.o)
 .text.CySpcEraseRow
                0x00000000       0x4c .\CortexM3\ARM_GCC_541\Debug\Bluetooth01.a(CySpc.o)
 .text.CySpcGetTemp
                0x00000000       0x3c .\CortexM3\ARM_GCC_541\Debug\Bluetooth01.a(CySpc.o)
 .text.CySpcLock
                0x00000000       0x4c .\CortexM3\ARM_GCC_541\Debug\Bluetooth01.a(CySpc.o)
 .text.CySpcUnlock
                0x00000000       0x38 .\CortexM3\ARM_GCC_541\Debug\Bluetooth01.a(CySpc.o)
 .text.CySpcGetAlgorithm
                0x00000000       0x28 .\CortexM3\ARM_GCC_541\Debug\Bluetooth01.a(CySpc.o)
 .text          0x00000000        0x0 c:/program files (x86)/cypress/psoc creator/4.2/psoc creator/import/gnu/arm/5.4.1/bin/../lib/gcc/arm-none-eabi/5.4.1/../../../../arm-none-eabi/lib/armv7-m\libg_nano.a(lib_a-errno.o)
 .data          0x00000000        0x0 c:/program files (x86)/cypress/psoc creator/4.2/psoc creator/import/gnu/arm/5.4.1/bin/../lib/gcc/arm-none-eabi/5.4.1/../../../../arm-none-eabi/lib/armv7-m\libg_nano.a(lib_a-errno.o)
 .bss           0x00000000        0x0 c:/program files (x86)/cypress/psoc creator/4.2/psoc creator/import/gnu/arm/5.4.1/bin/../lib/gcc/arm-none-eabi/5.4.1/../../../../arm-none-eabi/lib/armv7-m\libg_nano.a(lib_a-errno.o)
 .text          0x00000000        0x0 c:/program files (x86)/cypress/psoc creator/4.2/psoc creator/import/gnu/arm/5.4.1/bin/../lib/gcc/arm-none-eabi/5.4.1/../../../../arm-none-eabi/lib/armv7-m\libg_nano.a(lib_a-exit.o)
 .data          0x00000000        0x0 c:/program files (x86)/cypress/psoc creator/4.2/psoc creator/import/gnu/arm/5.4.1/bin/../lib/gcc/arm-none-eabi/5.4.1/../../../../arm-none-eabi/lib/armv7-m\libg_nano.a(lib_a-exit.o)
 .bss           0x00000000        0x0 c:/program files (x86)/cypress/psoc creator/4.2/psoc creator/import/gnu/arm/5.4.1/bin/../lib/gcc/arm-none-eabi/5.4.1/../../../../arm-none-eabi/lib/armv7-m\libg_nano.a(lib_a-exit.o)
 .text.exit     0x00000000       0x28 c:/program files (x86)/cypress/psoc creator/4.2/psoc creator/import/gnu/arm/5.4.1/bin/../lib/gcc/arm-none-eabi/5.4.1/../../../../arm-none-eabi/lib/armv7-m\libg_nano.a(lib_a-exit.o)
 .text          0x00000000        0x0 c:/program files (x86)/cypress/psoc creator/4.2/psoc creator/import/gnu/arm/5.4.1/bin/../lib/gcc/arm-none-eabi/5.4.1/../../../../arm-none-eabi/lib/armv7-m\libg_nano.a(lib_a-impure.o)
 .data          0x00000000        0x0 c:/program files (x86)/cypress/psoc creator/4.2/psoc creator/import/gnu/arm/5.4.1/bin/../lib/gcc/arm-none-eabi/5.4.1/../../../../arm-none-eabi/lib/armv7-m\libg_nano.a(lib_a-impure.o)
 .bss           0x00000000        0x0 c:/program files (x86)/cypress/psoc creator/4.2/psoc creator/import/gnu/arm/5.4.1/bin/../lib/gcc/arm-none-eabi/5.4.1/../../../../arm-none-eabi/lib/armv7-m\libg_nano.a(lib_a-impure.o)
 .rodata._global_impure_ptr
                0x00000000        0x4 c:/program files (x86)/cypress/psoc creator/4.2/psoc creator/import/gnu/arm/5.4.1/bin/../lib/gcc/arm-none-eabi/5.4.1/../../../../arm-none-eabi/lib/armv7-m\libg_nano.a(lib_a-impure.o)
 .text          0x00000000        0x0 c:/program files (x86)/cypress/psoc creator/4.2/psoc creator/import/gnu/arm/5.4.1/bin/../lib/gcc/arm-none-eabi/5.4.1/../../../../arm-none-eabi/lib/armv7-m\libg_nano.a(lib_a-init.o)
 .data          0x00000000        0x0 c:/program files (x86)/cypress/psoc creator/4.2/psoc creator/import/gnu/arm/5.4.1/bin/../lib/gcc/arm-none-eabi/5.4.1/../../../../arm-none-eabi/lib/armv7-m\libg_nano.a(lib_a-init.o)
 .bss           0x00000000        0x0 c:/program files (x86)/cypress/psoc creator/4.2/psoc creator/import/gnu/arm/5.4.1/bin/../lib/gcc/arm-none-eabi/5.4.1/../../../../arm-none-eabi/lib/armv7-m\libg_nano.a(lib_a-init.o)
 .text          0x00000000        0x0 c:/program files (x86)/cypress/psoc creator/4.2/psoc creator/import/gnu/arm/5.4.1/bin/../lib/gcc/arm-none-eabi/5.4.1/../../../../arm-none-eabi/lib/armv7-m\libg_nano.a(lib_a-memcpy-stub.o)
 .data          0x00000000        0x0 c:/program files (x86)/cypress/psoc creator/4.2/psoc creator/import/gnu/arm/5.4.1/bin/../lib/gcc/arm-none-eabi/5.4.1/../../../../arm-none-eabi/lib/armv7-m\libg_nano.a(lib_a-memcpy-stub.o)
 .bss           0x00000000        0x0 c:/program files (x86)/cypress/psoc creator/4.2/psoc creator/import/gnu/arm/5.4.1/bin/../lib/gcc/arm-none-eabi/5.4.1/../../../../arm-none-eabi/lib/armv7-m\libg_nano.a(lib_a-memcpy-stub.o)
 .text          0x00000000        0x0 c:/program files (x86)/cypress/psoc creator/4.2/psoc creator/import/gnu/arm/5.4.1/bin/../lib/gcc/arm-none-eabi/5.4.1/../../../../arm-none-eabi/lib/armv7-m\libg_nano.a(lib_a-memset.o)
 .data          0x00000000        0x0 c:/program files (x86)/cypress/psoc creator/4.2/psoc creator/import/gnu/arm/5.4.1/bin/../lib/gcc/arm-none-eabi/5.4.1/../../../../arm-none-eabi/lib/armv7-m\libg_nano.a(lib_a-memset.o)
 .bss           0x00000000        0x0 c:/program files (x86)/cypress/psoc creator/4.2/psoc creator/import/gnu/arm/5.4.1/bin/../lib/gcc/arm-none-eabi/5.4.1/../../../../arm-none-eabi/lib/armv7-m\libg_nano.a(lib_a-memset.o)
 .text          0x00000000        0x0 c:/program files (x86)/cypress/psoc creator/4.2/psoc creator/import/gnu/arm/5.4.1/bin/../lib/gcc/arm-none-eabi/5.4.1/armv7-m/crtend.o
 .data          0x00000000        0x0 c:/program files (x86)/cypress/psoc creator/4.2/psoc creator/import/gnu/arm/5.4.1/bin/../lib/gcc/arm-none-eabi/5.4.1/armv7-m/crtend.o
 .bss           0x00000000        0x0 c:/program files (x86)/cypress/psoc creator/4.2/psoc creator/import/gnu/arm/5.4.1/bin/../lib/gcc/arm-none-eabi/5.4.1/armv7-m/crtend.o
 .text          0x00000000        0x0 c:/program files (x86)/cypress/psoc creator/4.2/psoc creator/import/gnu/arm/5.4.1/bin/../lib/gcc/arm-none-eabi/5.4.1/armv7-m/crtn.o
 .data          0x00000000        0x0 c:/program files (x86)/cypress/psoc creator/4.2/psoc creator/import/gnu/arm/5.4.1/bin/../lib/gcc/arm-none-eabi/5.4.1/armv7-m/crtn.o
 .bss           0x00000000        0x0 c:/program files (x86)/cypress/psoc creator/4.2/psoc creator/import/gnu/arm/5.4.1/bin/../lib/gcc/arm-none-eabi/5.4.1/armv7-m/crtn.o

Memory Configuration

Name             Origin             Length             Attributes
rom              0x00000000         0x00040000         xr
ram              0x1fff8000         0x00010000         xrw
*default*        0x00000000         0xffffffff

Linker script and memory map

LOAD c:/program files (x86)/cypress/psoc creator/4.2/psoc creator/import/gnu/arm/5.4.1/bin/../lib/gcc/arm-none-eabi/5.4.1/armv7-m/crti.o
LOAD c:/program files (x86)/cypress/psoc creator/4.2/psoc creator/import/gnu/arm/5.4.1/bin/../lib/gcc/arm-none-eabi/5.4.1/armv7-m/crtbegin.o
LOAD c:/program files (x86)/cypress/psoc creator/4.2/psoc creator/import/gnu/arm/5.4.1/bin/../lib/gcc/arm-none-eabi/5.4.1/../../../../arm-none-eabi/lib/armv7-m/crt0.o
START GROUP
LOAD .\CortexM3\ARM_GCC_541\Debug\main.o
LOAD .\CortexM3\ARM_GCC_541\Debug\cyfitter_cfg.o
LOAD .\CortexM3\ARM_GCC_541\Debug\cymetadata.o
LOAD .\CortexM3\ARM_GCC_541\Debug\Cm3Start.o
LOAD .\CortexM3\ARM_GCC_541\Debug\Bluetooth01.a
LOAD C:\Program Files (x86)\Cypress\PSoC Creator\4.2\PSoC Creator\psoc\content\cycomponentlibrary\CyComponentLibrary.cylib\CortexM3\ARM_GCC_541\Debug\CyComponentLibrary.a
END GROUP
START GROUP
LOAD c:/program files (x86)/cypress/psoc creator/4.2/psoc creator/import/gnu/arm/5.4.1/bin/../lib/gcc/arm-none-eabi/5.4.1/armv7-m\libgcc.a
LOAD c:/program files (x86)/cypress/psoc creator/4.2/psoc creator/import/gnu/arm/5.4.1/bin/../lib/gcc/arm-none-eabi/5.4.1/../../../../arm-none-eabi/lib/armv7-m\libg_nano.a
LOAD c:/program files (x86)/cypress/psoc creator/4.2/psoc creator/import/gnu/arm/5.4.1/bin/../lib/gcc/arm-none-eabi/5.4.1/../../../../arm-none-eabi/lib/armv7-m\libc_nano.a
END GROUP
START GROUP
LOAD c:/program files (x86)/cypress/psoc creator/4.2/psoc creator/import/gnu/arm/5.4.1/bin/../lib/gcc/arm-none-eabi/5.4.1/armv7-m\libgcc.a
LOAD c:/program files (x86)/cypress/psoc creator/4.2/psoc creator/import/gnu/arm/5.4.1/bin/../lib/gcc/arm-none-eabi/5.4.1/../../../../arm-none-eabi/lib/armv7-m\libc_nano.a
END GROUP
LOAD c:/program files (x86)/cypress/psoc creator/4.2/psoc creator/import/gnu/arm/5.4.1/bin/../lib/gcc/arm-none-eabi/5.4.1/armv7-m/crtend.o
LOAD c:/program files (x86)/cypress/psoc creator/4.2/psoc creator/import/gnu/arm/5.4.1/bin/../lib/gcc/arm-none-eabi/5.4.1/armv7-m/crtn.o
START GROUP
LOAD c:/program files (x86)/cypress/psoc creator/4.2/psoc creator/import/gnu/arm/5.4.1/bin/../lib/gcc/arm-none-eabi/5.4.1/armv7-m\libgcc.a
LOAD c:/program files (x86)/cypress/psoc creator/4.2/psoc creator/import/gnu/arm/5.4.1/bin/../lib/gcc/arm-none-eabi/5.4.1/../../../../arm-none-eabi/lib/armv7-m\libc.a
LOAD c:/program files (x86)/cypress/psoc creator/4.2/psoc creator/import/gnu/arm/5.4.1/bin/../lib/gcc/arm-none-eabi/5.4.1/../../../../arm-none-eabi/lib/armv7-m\libnosys.a
END GROUP
                0x00000000                CY_APPL_ORIGIN = 0x0
                0x00000100                CY_FLASH_ROW_SIZE = 0x100
                0x00000020                CY_ECC_ROW_SIZE = 0x20
                0x00000000                CY_EE_IN_BTLDR = 0x0
                0x00000000                CY_APPL_LOADABLE = 0x0
                0x00000800                CY_EE_SIZE = 0x800
                0x00000001                CY_APPL_NUM = 0x1
                0x00000001                CY_APPL_MAX = 0x1
                0x00000040                CY_METADATA_SIZE = 0x40
                0x00000000                CY_APPL_LOADABLE = 0x0
                0x00000000                CY_CHECKSUM_EXCLUDE_SIZE = ALIGN (0x0, CY_FLASH_ROW_SIZE)
                [!provide]                PROVIDE (__cy_heap_start, _end)
                0x00000001                PROVIDE (__cy_region_num, ((__cy_regions_end - __cy_regions) / 0x10))
                0x20008000                PROVIDE (__cy_stack, (ORIGIN (ram) + LENGTH (ram)))
                [!provide]                PROVIDE (__cy_heap_end, (__cy_stack - 0x800))

.cybootloader   0x00000000        0x0
 *(.cybootloader)
                0x00000000                appl1_start = CY_APPL_ORIGIN?CY_APPL_ORIGIN:ALIGN (CY_FLASH_ROW_SIZE)
                0x0001ff00                appl2_start = (appl1_start + ALIGN ((((LENGTH (rom) - appl1_start) - (0x2 * CY_FLASH_ROW_SIZE)) / 0x2), CY_FLASH_ROW_SIZE))
                0x00000000                appl_start = (CY_APPL_NUM == 0x1)?appl1_start:appl2_start
                0x00000000                ecc_offset = ((appl_start / CY_FLASH_ROW_SIZE) * CY_ECC_ROW_SIZE)
                0x00000000                ee_offset = (CY_APPL_LOADABLE && ! (CY_EE_IN_BTLDR))?((CY_EE_SIZE / CY_APPL_MAX) * (CY_APPL_NUM - 0x1)):0x0
                0x00000800                ee_size = (CY_APPL_LOADABLE && ! (CY_EE_IN_BTLDR))?(CY_EE_SIZE / CY_APPL_MAX):CY_EE_SIZE
                [!provide]                PROVIDE (CY_ECC_OFFSET, ecc_offset)

.text           0x00000000      0x93e
 CREATE_OBJECT_SYMBOLS
                0x00000000                PROVIDE (__cy_interrupt_vector, RomVectors)
 *(.romvectors)
 .romvectors    0x00000000       0x10 .\CortexM3\ARM_GCC_541\Debug\Cm3Start.o
                0x00000000                RomVectors
                0x00000001                ASSERT ((. != __cy_interrupt_vector), No interrupt vector)
                0x00000001                ASSERT (CY_APPL_ORIGIN?(SIZEOF (.cybootloader) <= CY_APPL_ORIGIN):0x1, Wrong image location)
                0x00000010                PROVIDE (__cy_reset, Reset)
 *(.text.Reset)
 .text.Reset    0x00000010       0x18 .\CortexM3\ARM_GCC_541\Debug\Cm3Start.o
                0x00000010                Reset
                0x00000001                ASSERT ((. != __cy_reset), No reset code)
 *(.dma_init)
                0x00000001                ASSERT ((((appl_start + .) <= 0x10000) || 0x1), DMA Init must be within the first 64k of flash)
 *(.text .text.* .gnu.linkonce.t.*)
 .text          0x00000028       0x5c c:/program files (x86)/cypress/psoc creator/4.2/psoc creator/import/gnu/arm/5.4.1/bin/../lib/gcc/arm-none-eabi/5.4.1/armv7-m/crtbegin.o
 .text.interruptRX
                0x00000084       0x3c .\CortexM3\ARM_GCC_541\Debug\main.o
                0x00000084                interruptRX
 .text.main     0x000000c0       0x20 .\CortexM3\ARM_GCC_541\Debug\main.o
                0x000000c0                main
 .text.CyClockStartupError
                0x000000e0        0x4 .\CortexM3\ARM_GCC_541\Debug\cyfitter_cfg.o
 .text.cfg_write_bytes32
                0x000000e4       0x34 .\CortexM3\ARM_GCC_541\Debug\cyfitter_cfg.o
 .text.AnalogSetDefault
                0x00000118       0x28 .\CortexM3\ARM_GCC_541\Debug\cyfitter_cfg.o
 .text.CYMEMZERO
                0x00000140        0xc .\CortexM3\ARM_GCC_541\Debug\cyfitter_cfg.o
 .text.ClockSetup
                0x0000014c       0xcc .\CortexM3\ARM_GCC_541\Debug\cyfitter_cfg.o
 .text.CYCONFIGCPY
                0x00000218        0x8 .\CortexM3\ARM_GCC_541\Debug\cyfitter_cfg.o
 .text.cyfitter_cfg
                0x00000220      0x110 .\CortexM3\ARM_GCC_541\Debug\cyfitter_cfg.o
                0x00000220                cyfitter_cfg
 .text.IntDefaultHandler
                0x00000330       0x10 .\CortexM3\ARM_GCC_541\Debug\Cm3Start.o
                0x00000330                IntDefaultHandler
 .text.Start_c  0x00000340       0x4c .\CortexM3\ARM_GCC_541\Debug\Cm3Start.o
                0x00000340                Start_c
 .text.initialize_psoc
                0x0000038c       0x68 .\CortexM3\ARM_GCC_541\Debug\Cm3Start.o
                0x0000038c                initialize_psoc
 .text.LCD_WrCntrlNib
                0x000003f4       0x38 .\CortexM3\ARM_GCC_541\Debug\Bluetooth01.a(LCD.o)
 .text.LCD_WrDatNib
                0x0000042c       0x48 .\CortexM3\ARM_GCC_541\Debug\Bluetooth01.a(LCD.o)
 .text.LCD_IsReady
                0x00000474       0xe0 .\CortexM3\ARM_GCC_541\Debug\Bluetooth01.a(LCD.o)
                0x00000474                LCD_IsReady
 .text.LCD_WriteData
                0x00000554       0x18 .\CortexM3\ARM_GCC_541\Debug\Bluetooth01.a(LCD.o)
                0x00000554                LCD_WriteData
 .text.LCD_PutChar
                0x0000056c        0x8 .\CortexM3\ARM_GCC_541\Debug\Bluetooth01.a(LCD.o)
                0x0000056c                LCD_PutChar
 .text.LCD_WriteControl
                0x00000574       0x18 .\CortexM3\ARM_GCC_541\Debug\Bluetooth01.a(LCD.o)
                0x00000574                LCD_WriteControl
 .text.LCD_Init
                0x0000058c       0x6c .\CortexM3\ARM_GCC_541\Debug\Bluetooth01.a(LCD.o)
                0x0000058c                LCD_Init
 .text.LCD_Enable
                0x000005f8       0x14 .\CortexM3\ARM_GCC_541\Debug\Bluetooth01.a(LCD.o)
                0x000005f8                LCD_Enable
 .text.LCD_Start
                0x0000060c       0x1c .\CortexM3\ARM_GCC_541\Debug\Bluetooth01.a(LCD.o)
                0x0000060c                LCD_Start
 .text.LCD_Position
                0x00000628       0x3c .\CortexM3\ARM_GCC_541\Debug\Bluetooth01.a(LCD.o)
                0x00000628                LCD_Position
 .text.PWM_Enable
                0x00000664       0x10 .\CortexM3\ARM_GCC_541\Debug\Bluetooth01.a(PWM.o)
                0x00000664                PWM_Enable
 .text.PWM_WriteCounter
                0x00000674        0xc .\CortexM3\ARM_GCC_541\Debug\Bluetooth01.a(PWM.o)
                0x00000674                PWM_WriteCounter
 .text.PWM_WritePeriod
                0x00000680        0xc .\CortexM3\ARM_GCC_541\Debug\Bluetooth01.a(PWM.o)
                0x00000680                PWM_WritePeriod
 .text.PWM_WriteCompare
                0x0000068c        0xc .\CortexM3\ARM_GCC_541\Debug\Bluetooth01.a(PWM.o)
                0x0000068c                PWM_WriteCompare
 .text.PWM_SetInterruptMode
                0x00000698        0xc .\CortexM3\ARM_GCC_541\Debug\Bluetooth01.a(PWM.o)
                0x00000698                PWM_SetInterruptMode
 .text.PWM_ReadStatusRegister
                0x000006a4        0xc .\CortexM3\ARM_GCC_541\Debug\Bluetooth01.a(PWM.o)
                0x000006a4                PWM_ReadStatusRegister
 .text.PWM_ReadCapture
                0x000006b0        0xc .\CortexM3\ARM_GCC_541\Debug\Bluetooth01.a(PWM.o)
                0x000006b0                PWM_ReadCapture
 .text.PWM_ClearFIFO
                0x000006bc       0x14 .\CortexM3\ARM_GCC_541\Debug\Bluetooth01.a(PWM.o)
                0x000006bc                PWM_ClearFIFO
 .text.PWM_Init
                0x000006d0       0x60 .\CortexM3\ARM_GCC_541\Debug\Bluetooth01.a(PWM.o)
                0x000006d0                PWM_Init
 .text.PWM_Start
                0x00000730       0x1c .\CortexM3\ARM_GCC_541\Debug\Bluetooth01.a(PWM.o)
                0x00000730                PWM_Start
 .text.Clock_1_Start
                0x0000074c       0x1c .\CortexM3\ARM_GCC_541\Debug\Bluetooth01.a(Clock_1.o)
                0x0000074c                Clock_1_Start
 .text.UART_Init
                0x00000768       0x14 .\CortexM3\ARM_GCC_541\Debug\Bluetooth01.a(UART.o)
                0x00000768                UART_Init
 .text.UART_Enable
                0x0000077c       0x2c .\CortexM3\ARM_GCC_541\Debug\Bluetooth01.a(UART.o)
                0x0000077c                UART_Enable
 .text.UART_Start
                0x000007a8       0x1c .\CortexM3\ARM_GCC_541\Debug\Bluetooth01.a(UART.o)
                0x000007a8                UART_Start
 .text.UART_GetChar
                0x000007c4       0x2c .\CortexM3\ARM_GCC_541\Debug\Bluetooth01.a(UART.o)
                0x000007c4                UART_GetChar
 .text.RXisr_SetVector
                0x000007f0        0xc .\CortexM3\ARM_GCC_541\Debug\Bluetooth01.a(RXisr.o)
                0x000007f0                RXisr_SetVector
 .text.RXisr_SetPriority
                0x000007fc       0x10 .\CortexM3\ARM_GCC_541\Debug\Bluetooth01.a(RXisr.o)
                0x000007fc                RXisr_SetPriority
 .text.RXisr_Enable
                0x0000080c        0xc .\CortexM3\ARM_GCC_541\Debug\Bluetooth01.a(RXisr.o)
                0x0000080c                RXisr_Enable
 .text.RXisr_Disable
                0x00000818        0xc .\CortexM3\ARM_GCC_541\Debug\Bluetooth01.a(RXisr.o)
                0x00000818                RXisr_Disable
 .text.RXisr_StartEx
                0x00000824       0x1c .\CortexM3\ARM_GCC_541\Debug\Bluetooth01.a(RXisr.o)
                0x00000824                RXisr_StartEx
 .text.UART_IntClock_Start
                0x00000840       0x1c .\CortexM3\ARM_GCC_541\Debug\Bluetooth01.a(UART_IntClock.o)
                0x00000840                UART_IntClock_Start
 .text.CyDelay  0x0000085c       0x2c .\CortexM3\ARM_GCC_541\Debug\Bluetooth01.a(CyLib.o)
                0x0000085c                CyDelay
 .text.CyDelayUs
                0x00000888       0x14 .\CortexM3\ARM_GCC_541\Debug\Bluetooth01.a(CyLib.o)
                0x00000888                CyDelayUs
 *fill*         0x0000089c        0x4 
 .text          0x000008a0       0x20 .\CortexM3\ARM_GCC_541\Debug\Bluetooth01.a(CyBootAsmGnu.o)
                0x000008a0                CyDelayCycles
                0x000008b0                CyEnterCriticalSection
                0x000008b8                CyExitCriticalSection
 .text.__errno  0x000008c0        0xc c:/program files (x86)/cypress/psoc creator/4.2/psoc creator/import/gnu/arm/5.4.1/bin/../lib/gcc/arm-none-eabi/5.4.1/../../../../arm-none-eabi/lib/armv7-m\libg_nano.a(lib_a-errno.o)
                0x000008c0                __errno
 .text.__libc_init_array
                0x000008cc       0x4c c:/program files (x86)/cypress/psoc creator/4.2/psoc creator/import/gnu/arm/5.4.1/bin/../lib/gcc/arm-none-eabi/5.4.1/../../../../arm-none-eabi/lib/armv7-m\libg_nano.a(lib_a-init.o)
                0x000008cc                __libc_init_array
 .text.memcpy   0x00000918       0x16 c:/program files (x86)/cypress/psoc creator/4.2/psoc creator/import/gnu/arm/5.4.1/bin/../lib/gcc/arm-none-eabi/5.4.1/../../../../arm-none-eabi/lib/armv7-m\libg_nano.a(lib_a-memcpy-stub.o)
                0x00000918                memcpy
 .text.memset   0x0000092e       0x10 c:/program files (x86)/cypress/psoc creator/4.2/psoc creator/import/gnu/arm/5.4.1/bin/../lib/gcc/arm-none-eabi/5.4.1/../../../../arm-none-eabi/lib/armv7-m\libg_nano.a(lib_a-memset.o)
                0x0000092e                memset
 *(.plt)
 *(.gnu.warning)
 *(.glue_7t)
 .glue_7t       0x0000093e        0x0 linker stubs
 *(.glue_7)
 .glue_7        0x0000093e        0x0 linker stubs
 *(.vfp11_veneer)
 .vfp11_veneer  0x0000093e        0x0 linker stubs
 *(.bootloader)
 *(.ARM.extab* .gnu.linkonce.armextab.*)
 *(.gcc_except_table)

.v4_bx          0x00000940        0x0
 .v4_bx         0x00000940        0x0 linker stubs

.iplt           0x00000940        0x0
 .iplt          0x00000940        0x0 c:/program files (x86)/cypress/psoc creator/4.2/psoc creator/import/gnu/arm/5.4.1/bin/../lib/gcc/arm-none-eabi/5.4.1/armv7-m/crtbegin.o

.eh_frame_hdr
 *(.eh_frame_hdr)

.eh_frame       0x00000940        0x4
 *(.eh_frame)
 .eh_frame      0x00000940        0x0 c:/program files (x86)/cypress/psoc creator/4.2/psoc creator/import/gnu/arm/5.4.1/bin/../lib/gcc/arm-none-eabi/5.4.1/armv7-m/crtbegin.o
 .eh_frame      0x00000940        0x4 c:/program files (x86)/cypress/psoc creator/4.2/psoc creator/import/gnu/arm/5.4.1/bin/../lib/gcc/arm-none-eabi/5.4.1/armv7-m/crtend.o
                [!provide]                PROVIDE (__exidx_start, .)

.ARM.exidx
 *(.ARM.exidx* .gnu.linkonce.armexidx.*)
                0x00000944                __exidx_end = .

.rodata         0x00000944       0x7c
 *(.rodata .rodata.* .gnu.linkonce.r.*)
 .rodata        0x00000944       0x42 .\CortexM3\ARM_GCC_541\Debug\cyfitter_cfg.o
 .rodata.str1.1
                0x00000986        0x2 c:/program files (x86)/cypress/psoc creator/4.2/psoc creator/import/gnu/arm/5.4.1/bin/../lib/gcc/arm-none-eabi/5.4.1/../../../../arm-none-eabi/lib/armv7-m\libg_nano.a(lib_a-impure.o)
                0x00000988                . = ALIGN (0x4)
 *(.init)
 .init          0x00000988        0x4 c:/program files (x86)/cypress/psoc creator/4.2/psoc creator/import/gnu/arm/5.4.1/bin/../lib/gcc/arm-none-eabi/5.4.1/armv7-m/crti.o
                0x00000988                _init
 .init          0x0000098c        0x8 c:/program files (x86)/cypress/psoc creator/4.2/psoc creator/import/gnu/arm/5.4.1/bin/../lib/gcc/arm-none-eabi/5.4.1/armv7-m/crtn.o
                0x00000994                . = ALIGN (0x4)
                0x00000994                __preinit_array_start = .
 *(.preinit_array)
                0x00000994                __preinit_array_end = .
                0x00000994                . = ALIGN (0x4)
                0x00000994                __init_array_start = .
 *(SORT(.init_array.*))
 *(.init_array)
 .init_array    0x00000994        0x4 c:/program files (x86)/cypress/psoc creator/4.2/psoc creator/import/gnu/arm/5.4.1/bin/../lib/gcc/arm-none-eabi/5.4.1/armv7-m/crtbegin.o
 .init_array    0x00000998        0x4 .\CortexM3\ARM_GCC_541\Debug\Cm3Start.o
                0x0000099c                __init_array_end = .
                0x0000099c                . = ALIGN (0x4)
 *(.fini)
 .fini          0x0000099c        0x4 c:/program files (x86)/cypress/psoc creator/4.2/psoc creator/import/gnu/arm/5.4.1/bin/../lib/gcc/arm-none-eabi/5.4.1/armv7-m/crti.o
                0x0000099c                _fini
 .fini          0x000009a0        0x8 c:/program files (x86)/cypress/psoc creator/4.2/psoc creator/import/gnu/arm/5.4.1/bin/../lib/gcc/arm-none-eabi/5.4.1/armv7-m/crtn.o
                0x000009a8                . = ALIGN (0x4)
                0x000009a8                __fini_array_start = .
 *(.fini_array)
 .fini_array    0x000009a8        0x4 c:/program files (x86)/cypress/psoc creator/4.2/psoc creator/import/gnu/arm/5.4.1/bin/../lib/gcc/arm-none-eabi/5.4.1/armv7-m/crtbegin.o
 *(SORT(.fini_array.*))
                0x000009ac                __fini_array_end = .
                0x000009ac                . = ALIGN (0x4)
 *crtbegin.o(.ctors)
 *(EXCLUDE_FILE(*crtend.o) .ctors)
 *(SORT(.ctors.*))
 *crtend.o(.ctors)
                0x000009ac                . = ALIGN (0x4)
 *crtbegin.o(.dtors)
 *(EXCLUDE_FILE(*crtend.o) .dtors)
 *(SORT(.dtors.*))
 *crtend.o(.dtors)
                0x000009ac                . = ALIGN (0x4)
                0x000009ac                __cy_regions = .
                0x000009ac        0x4 LONG 0x9c0 __cy_region_init_ram
                0x000009b0        0x4 LONG 0x1fff80c8 __cy_region_start_data
                0x000009b4        0x4 LONG 0x78 __cy_region_init_size_ram
                0x000009b8        0x4 LONG 0x30 __cy_region_zero_size_ram
                0x000009bc                __cy_regions_end = .
                0x000009c0                . = ALIGN (0x8)
 *fill*         0x000009bc        0x4 
                0x000009c0                _etext = .

.cy_checksum_exclude
                0x000009c0        0x0
 *(.cy_checksum_exclude)

.ramvectors     0x1fff8000       0xc0
                0x1fff8000                __cy_region_start_ram = .
 *(.ramvectors)
 .ramvectors    0x1fff8000       0xc0 .\CortexM3\ARM_GCC_541\Debug\Cm3Start.o
                0x1fff8000                CyRamVectors

.noinit         0x1fff80c0        0x1
 *(.noinit)
 .noinit        0x1fff80c0        0x1 .\CortexM3\ARM_GCC_541\Debug\Bluetooth01.a(CyLib.o)
                0x1fff80c0                CyResetStatus

.data           0x1fff80c8       0x78 load address 0x000009c0
                0x1fff80c8                __cy_region_start_data = .
 *(.jcr)
 .jcr           0x1fff80c8        0x0 c:/program files (x86)/cypress/psoc creator/4.2/psoc creator/import/gnu/arm/5.4.1/bin/../lib/gcc/arm-none-eabi/5.4.1/armv7-m/crtbegin.o
 .jcr           0x1fff80c8        0x4 c:/program files (x86)/cypress/psoc creator/4.2/psoc creator/import/gnu/arm/5.4.1/bin/../lib/gcc/arm-none-eabi/5.4.1/armv7-m/crtend.o
 *(.got.plt)
 *(.got)
 *(.shdata)
 *(.data .data.* .gnu.linkonce.d.*)
 .data          0x1fff80cc       0x10 .\CortexM3\ARM_GCC_541\Debug\Bluetooth01.a(CyLib.o)
                0x1fff80cc                cydelay_32k_ms
                0x1fff80d0                cydelay_freq_khz
                0x1fff80d4                cydelay_freq_mhz
                0x1fff80d8                cydelay_freq_hz
 .data.impure_data
                0x1fff80dc       0x60 c:/program files (x86)/cypress/psoc creator/4.2/psoc creator/import/gnu/arm/5.4.1/bin/../lib/gcc/arm-none-eabi/5.4.1/../../../../arm-none-eabi/lib/armv7-m\libg_nano.a(lib_a-impure.o)
 .data._impure_ptr
                0x1fff813c        0x4 c:/program files (x86)/cypress/psoc creator/4.2/psoc creator/import/gnu/arm/5.4.1/bin/../lib/gcc/arm-none-eabi/5.4.1/../../../../arm-none-eabi/lib/armv7-m\libg_nano.a(lib_a-impure.o)
                0x1fff813c                _impure_ptr
                0x1fff8140                . = ALIGN (0x8)
 *(.ram)
                0x1fff8140                _edata = .

.igot.plt       0x1fff8140        0x0 load address 0x00000a38
 .igot.plt      0x1fff8140        0x0 c:/program files (x86)/cypress/psoc creator/4.2/psoc creator/import/gnu/arm/5.4.1/bin/../lib/gcc/arm-none-eabi/5.4.1/armv7-m/crtbegin.o

.bss            0x1fff8140       0x30 load address 0x00000a38
                0x1fff8140                PROVIDE (__bss_start__, .)
 *(.shbss)
 *(.bss .bss.* .gnu.linkonce.b.*)
 .bss           0x1fff8140       0x1c c:/program files (x86)/cypress/psoc creator/4.2/psoc creator/import/gnu/arm/5.4.1/bin/../lib/gcc/arm-none-eabi/5.4.1/armv7-m/crtbegin.o
 .bss           0x1fff815c        0x8 .\CortexM3\ARM_GCC_541\Debug\main.o
                0x1fff815c                columna
                0x1fff8160                fila
 .bss           0x1fff8164        0x2 .\CortexM3\ARM_GCC_541\Debug\Bluetooth01.a(LCD.o)
                0x1fff8164                LCD_enableState
                0x1fff8165                LCD_initVar
 .bss           0x1fff8166        0x1 .\CortexM3\ARM_GCC_541\Debug\Bluetooth01.a(PWM.o)
                0x1fff8166                PWM_initVar
 .bss           0x1fff8167        0x1 .\CortexM3\ARM_GCC_541\Debug\Bluetooth01.a(UART.o)
                0x1fff8167                UART_initVar
 *(COMMON)
 COMMON         0x1fff8168        0x1 .\CortexM3\ARM_GCC_541\Debug\main.o
                0x1fff8168                dato
                0x1fff8170                . = ALIGN (0x8)
 *fill*         0x1fff8169        0x7 
 *(.ram.b)
                0x1fff8170                _end = .
                0x1fff8170                __end = .
                0x1fff8170                PROVIDE (end, .)
                0x1fff8170                PROVIDE (__bss_end__, .)
                0x000009c0                __cy_region_init_ram = LOADADDR (.data)
                0x00000078                __cy_region_init_size_ram = (_edata - ADDR (.data))
                0x00000030                __cy_region_zero_size_ram = (_end - _edata)

.heap           0x1fff8170       0x80 load address 0x00000a38
                0x1fff8170                . = _end
                0x1fff81f0                . = (. + 0x80)
 *fill*         0x1fff8170       0x80 
                0x1fff81f0                __cy_heap_limit = .

.stack          0x20007800      0x800
                0x20007800                __cy_stack_limit = .
                0x20008000                . = (. + 0x800)
 *fill*         0x20007800      0x800 
                0x00000001                ASSERT ((__cy_stack_limit >= __cy_heap_limit), region RAM overflowed with stack)
                0x00000000                cy_checksum_exclude_size = (CY_APPL_LOADABLE == 0x1)?SIZEOF (.cy_checksum_exclude):0x0
                0x00000001                ASSERT ((cy_checksum_exclude_size <= CY_CHECKSUM_EXCLUDE_SIZE), CY_BOOT: Section .cy_checksum_exclude size exceedes specified limit.)

.cyloadermeta
 *(.cyloadermeta)

.cyloadablemeta
 *(.cyloadablemeta)

.cyconfigecc    0x80000000      0x2c0
 *(.cyconfigecc)
 .cyconfigecc   0x80000000      0x2c0 .\CortexM3\ARM_GCC_541\Debug\cymetadata.o
                0x80000000                cy_meta_configecc

.cycustnvl      0x90000000        0x4
 *(.cycustnvl)
 .cycustnvl     0x90000000        0x4 .\CortexM3\ARM_GCC_541\Debug\cymetadata.o
                0x90000000                cy_meta_custnvl

.cywolatch      0x90100000        0x4
 *(.cywolatch)
 .cywolatch     0x90100000        0x4 .\CortexM3\ARM_GCC_541\Debug\cymetadata.o
                0x90100000                cy_meta_wonvl

.cyeeprom       0x90200000        0x0
 *(.cyeeprom)
                0x00000001                ASSERT ((. <= ((0x90200000 + ee_offset) + ee_size)), .cyeeprom data will not fit in EEPROM)

.cyflashprotect
                0x90400000      0x100
 *(.cyflashprotect)
 .cyflashprotect
                0x90400000      0x100 .\CortexM3\ARM_GCC_541\Debug\cymetadata.o
                0x90400000                cy_meta_flashprotect

.cymeta         0x90500000        0xc
 *(.cymeta)
 .cymeta        0x90500000        0xc .\CortexM3\ARM_GCC_541\Debug\cymetadata.o
                0x90500000                cy_metadata

.rel.dyn        0x00000a38        0x0 load address 0x9050000c
 .rel.iplt      0x00000a38        0x0 c:/program files (x86)/cypress/psoc creator/4.2/psoc creator/import/gnu/arm/5.4.1/bin/../lib/gcc/arm-none-eabi/5.4.1/armv7-m/crtbegin.o

.stab
 *(.stab)

.stabstr
 *(.stabstr)

.debug
 *(.debug)

.line
 *(.line)

.debug_srcinfo
 *(.debug_srcinfo)

.debug_sfnames
 *(.debug_sfnames)

.debug_aranges  0x00000000      0x868
 *(.debug_aranges)
 .debug_aranges
                0x00000000       0x28 .\CortexM3\ARM_GCC_541\Debug\main.o
 .debug_aranges
                0x00000028       0x58 .\CortexM3\ARM_GCC_541\Debug\cyfitter_cfg.o
 .debug_aranges
                0x00000080       0x18 .\CortexM3\ARM_GCC_541\Debug\cymetadata.o
 .debug_aranges
                0x00000098       0x48 .\CortexM3\ARM_GCC_541\Debug\Cm3Start.o
 .debug_aranges
                0x000000e0       0x98 .\CortexM3\ARM_GCC_541\Debug\Bluetooth01.a(LCD.o)
 .debug_aranges
                0x00000178       0x98 .\CortexM3\ARM_GCC_541\Debug\Bluetooth01.a(PWM.o)
 .debug_aranges
                0x00000210       0x70 .\CortexM3\ARM_GCC_541\Debug\Bluetooth01.a(Clock_1.o)
 .debug_aranges
                0x00000280       0x98 .\CortexM3\ARM_GCC_541\Debug\Bluetooth01.a(UART.o)
 .debug_aranges
                0x00000318       0x80 .\CortexM3\ARM_GCC_541\Debug\Bluetooth01.a(RXisr.o)
 .debug_aranges
                0x00000398       0x70 .\CortexM3\ARM_GCC_541\Debug\Bluetooth01.a(UART_IntClock.o)
 .debug_aranges
                0x00000408      0x2a0 .\CortexM3\ARM_GCC_541\Debug\Bluetooth01.a(CyLib.o)
 .debug_aranges
                0x000006a8       0x98 .\CortexM3\ARM_GCC_541\Debug\Bluetooth01.a(cyPm.o)
 .debug_aranges
                0x00000740       0x20 .\CortexM3\ARM_GCC_541\Debug\Bluetooth01.a(CyBootAsmGnu.o)
 .debug_aranges
                0x00000760       0x88 .\CortexM3\ARM_GCC_541\Debug\Bluetooth01.a(CyFlash.o)
 .debug_aranges
                0x000007e8       0x80 .\CortexM3\ARM_GCC_541\Debug\Bluetooth01.a(CySpc.o)

.debug_pubnames
 *(.debug_pubnames)

.debug_info     0x00000000     0x4c0d
 *(.debug_info .gnu.linkonce.wi.*)
 .debug_info    0x00000000      0x1c7 .\CortexM3\ARM_GCC_541\Debug\main.o
 .debug_info    0x000001c7      0x595 .\CortexM3\ARM_GCC_541\Debug\cyfitter_cfg.o
 .debug_info    0x0000075c      0x135 .\CortexM3\ARM_GCC_541\Debug\cymetadata.o
 .debug_info    0x00000891      0x3bb .\CortexM3\ARM_GCC_541\Debug\Cm3Start.o
 .debug_info    0x00000c4c      0x715 .\CortexM3\ARM_GCC_541\Debug\Bluetooth01.a(LCD.o)
 .debug_info    0x00001361      0x353 .\CortexM3\ARM_GCC_541\Debug\Bluetooth01.a(PWM.o)
 .debug_info    0x000016b4      0x283 .\CortexM3\ARM_GCC_541\Debug\Bluetooth01.a(Clock_1.o)
 .debug_info    0x00001937      0x3a7 .\CortexM3\ARM_GCC_541\Debug\Bluetooth01.a(UART.o)
 .debug_info    0x00001cde      0x2d2 .\CortexM3\ARM_GCC_541\Debug\Bluetooth01.a(RXisr.o)
 .debug_info    0x00001fb0      0x283 .\CortexM3\ARM_GCC_541\Debug\Bluetooth01.a(UART_IntClock.o)
 .debug_info    0x00002233     0x1374 .\CortexM3\ARM_GCC_541\Debug\Bluetooth01.a(CyLib.o)
 .debug_info    0x000035a7      0xa2a .\CortexM3\ARM_GCC_541\Debug\Bluetooth01.a(cyPm.o)
 .debug_info    0x00003fd1       0x9f .\CortexM3\ARM_GCC_541\Debug\Bluetooth01.a(CyBootAsmGnu.o)
 .debug_info    0x00004070      0x64d .\CortexM3\ARM_GCC_541\Debug\Bluetooth01.a(CyFlash.o)
 .debug_info    0x000046bd      0x550 .\CortexM3\ARM_GCC_541\Debug\Bluetooth01.a(CySpc.o)

.debug_abbrev   0x00000000     0x1426
 *(.debug_abbrev)
 .debug_abbrev  0x00000000       0xce .\CortexM3\ARM_GCC_541\Debug\main.o
 .debug_abbrev  0x000000ce      0x20d .\CortexM3\ARM_GCC_541\Debug\cyfitter_cfg.o
 .debug_abbrev  0x000002db       0x66 .\CortexM3\ARM_GCC_541\Debug\cymetadata.o
 .debug_abbrev  0x00000341      0x1e8 .\CortexM3\ARM_GCC_541\Debug\Cm3Start.o
 .debug_abbrev  0x00000529      0x157 .\CortexM3\ARM_GCC_541\Debug\Bluetooth01.a(LCD.o)
 .debug_abbrev  0x00000680      0x133 .\CortexM3\ARM_GCC_541\Debug\Bluetooth01.a(PWM.o)
 .debug_abbrev  0x000007b3      0x139 .\CortexM3\ARM_GCC_541\Debug\Bluetooth01.a(Clock_1.o)
 .debug_abbrev  0x000008ec      0x140 .\CortexM3\ARM_GCC_541\Debug\Bluetooth01.a(UART.o)
 .debug_abbrev  0x00000a2c      0x173 .\CortexM3\ARM_GCC_541\Debug\Bluetooth01.a(RXisr.o)
 .debug_abbrev  0x00000b9f      0x139 .\CortexM3\ARM_GCC_541\Debug\Bluetooth01.a(UART_IntClock.o)
 .debug_abbrev  0x00000cd8      0x254 .\CortexM3\ARM_GCC_541\Debug\Bluetooth01.a(CyLib.o)
 .debug_abbrev  0x00000f2c      0x1ab .\CortexM3\ARM_GCC_541\Debug\Bluetooth01.a(cyPm.o)
 .debug_abbrev  0x000010d7       0x14 .\CortexM3\ARM_GCC_541\Debug\Bluetooth01.a(CyBootAsmGnu.o)
 .debug_abbrev  0x000010eb      0x1a7 .\CortexM3\ARM_GCC_541\Debug\Bluetooth01.a(CyFlash.o)
 .debug_abbrev  0x00001292      0x194 .\CortexM3\ARM_GCC_541\Debug\Bluetooth01.a(CySpc.o)

.debug_line     0x00000000     0x20a1
 *(.debug_line)
 .debug_line    0x00000000      0x1a8 .\CortexM3\ARM_GCC_541\Debug\main.o
 .debug_line    0x000001a8      0x1f5 .\CortexM3\ARM_GCC_541\Debug\cyfitter_cfg.o
 .debug_line    0x0000039d      0x141 .\CortexM3\ARM_GCC_541\Debug\cymetadata.o
 .debug_line    0x000004de      0x234 .\CortexM3\ARM_GCC_541\Debug\Cm3Start.o
 .debug_line    0x00000712      0x1e0 .\CortexM3\ARM_GCC_541\Debug\Bluetooth01.a(LCD.o)
 .debug_line    0x000008f2      0x186 .\CortexM3\ARM_GCC_541\Debug\Bluetooth01.a(PWM.o)
 .debug_line    0x00000a78      0x176 .\CortexM3\ARM_GCC_541\Debug\Bluetooth01.a(Clock_1.o)
 .debug_line    0x00000bee      0x1a8 .\CortexM3\ARM_GCC_541\Debug\Bluetooth01.a(UART.o)
 .debug_line    0x00000d96      0x132 .\CortexM3\ARM_GCC_541\Debug\Bluetooth01.a(RXisr.o)
 .debug_line    0x00000ec8      0x17c .\CortexM3\ARM_GCC_541\Debug\Bluetooth01.a(UART_IntClock.o)
 .debug_line    0x00001044      0x816 .\CortexM3\ARM_GCC_541\Debug\Bluetooth01.a(CyLib.o)
 .debug_line    0x0000185a      0x367 .\CortexM3\ARM_GCC_541\Debug\Bluetooth01.a(cyPm.o)
 .debug_line    0x00001bc1       0x66 .\CortexM3\ARM_GCC_541\Debug\Bluetooth01.a(CyBootAsmGnu.o)
 .debug_line    0x00001c27      0x21a .\CortexM3\ARM_GCC_541\Debug\Bluetooth01.a(CyFlash.o)
 .debug_line    0x00001e41      0x260 .\CortexM3\ARM_GCC_541\Debug\Bluetooth01.a(CySpc.o)

.debug_frame    0x00000000     0x1610
 *(.debug_frame)
 .debug_frame   0x00000000       0x48 .\CortexM3\ARM_GCC_541\Debug\main.o
 .debug_frame   0x00000048       0xe4 .\CortexM3\ARM_GCC_541\Debug\cyfitter_cfg.o
 .debug_frame   0x0000012c       0xb8 .\CortexM3\ARM_GCC_541\Debug\Cm3Start.o
 .debug_frame   0x000001e4      0x1e8 .\CortexM3\ARM_GCC_541\Debug\Bluetooth01.a(LCD.o)
 .debug_frame   0x000003cc      0x134 .\CortexM3\ARM_GCC_541\Debug\Bluetooth01.a(PWM.o)
 .debug_frame   0x00000500       0xe0 .\CortexM3\ARM_GCC_541\Debug\Bluetooth01.a(Clock_1.o)
 .debug_frame   0x000005e0      0x14c .\CortexM3\ARM_GCC_541\Debug\Bluetooth01.a(UART.o)
 .debug_frame   0x0000072c      0x104 .\CortexM3\ARM_GCC_541\Debug\Bluetooth01.a(RXisr.o)
 .debug_frame   0x00000830       0xe0 .\CortexM3\ARM_GCC_541\Debug\Bluetooth01.a(UART_IntClock.o)
 .debug_frame   0x00000910      0x738 .\CortexM3\ARM_GCC_541\Debug\Bluetooth01.a(CyLib.o)
 .debug_frame   0x00001048      0x1f8 .\CortexM3\ARM_GCC_541\Debug\Bluetooth01.a(cyPm.o)
 .debug_frame   0x00001240      0x194 .\CortexM3\ARM_GCC_541\Debug\Bluetooth01.a(CyFlash.o)
 .debug_frame   0x000013d4      0x180 .\CortexM3\ARM_GCC_541\Debug\Bluetooth01.a(CySpc.o)
 .debug_frame   0x00001554       0x20 c:/program files (x86)/cypress/psoc creator/4.2/psoc creator/import/gnu/arm/5.4.1/bin/../lib/gcc/arm-none-eabi/5.4.1/../../../../arm-none-eabi/lib/armv7-m\libg_nano.a(lib_a-errno.o)
 .debug_frame   0x00001574       0x28 c:/program files (x86)/cypress/psoc creator/4.2/psoc creator/import/gnu/arm/5.4.1/bin/../lib/gcc/arm-none-eabi/5.4.1/../../../../arm-none-eabi/lib/armv7-m\libg_nano.a(lib_a-exit.o)
 .debug_frame   0x0000159c       0x2c c:/program files (x86)/cypress/psoc creator/4.2/psoc creator/import/gnu/arm/5.4.1/bin/../lib/gcc/arm-none-eabi/5.4.1/../../../../arm-none-eabi/lib/armv7-m\libg_nano.a(lib_a-init.o)
 .debug_frame   0x000015c8       0x28 c:/program files (x86)/cypress/psoc creator/4.2/psoc creator/import/gnu/arm/5.4.1/bin/../lib/gcc/arm-none-eabi/5.4.1/../../../../arm-none-eabi/lib/armv7-m\libg_nano.a(lib_a-memcpy-stub.o)
 .debug_frame   0x000015f0       0x20 c:/program files (x86)/cypress/psoc creator/4.2/psoc creator/import/gnu/arm/5.4.1/bin/../lib/gcc/arm-none-eabi/5.4.1/../../../../arm-none-eabi/lib/armv7-m\libg_nano.a(lib_a-memset.o)

.debug_str      0x00000000     0x1b17
 *(.debug_str)
 .debug_str     0x00000000      0x1ec .\CortexM3\ARM_GCC_541\Debug\main.o
                                0x234 (size before relaxing)
 .debug_str     0x000001ec      0x1bc .\CortexM3\ARM_GCC_541\Debug\cyfitter_cfg.o
                                0x353 (size before relaxing)
 .debug_str     0x000003a8       0x7f .\CortexM3\ARM_GCC_541\Debug\cymetadata.o
                                0x1f3 (size before relaxing)
 .debug_str     0x00000427      0x144 .\CortexM3\ARM_GCC_541\Debug\Cm3Start.o
                                0x319 (size before relaxing)
 .debug_str     0x0000056b      0x166 .\CortexM3\ARM_GCC_541\Debug\Bluetooth01.a(LCD.o)
                                0x33a (size before relaxing)
 .debug_str     0x000006d1      0x19b .\CortexM3\ARM_GCC_541\Debug\Bluetooth01.a(PWM.o)
                                0x347 (size before relaxing)
 .debug_str     0x0000086c      0x15a .\CortexM3\ARM_GCC_541\Debug\Bluetooth01.a(Clock_1.o)
                                0x2fd (size before relaxing)
 .debug_str     0x000009c6      0x184 .\CortexM3\ARM_GCC_541\Debug\Bluetooth01.a(UART.o)
                                0x381 (size before relaxing)
 .debug_str     0x00000b4a       0xf0 .\CortexM3\ARM_GCC_541\Debug\Bluetooth01.a(RXisr.o)
                                0x2b5 (size before relaxing)
 .debug_str     0x00000c3a      0x138 .\CortexM3\ARM_GCC_541\Debug\Bluetooth01.a(UART_IntClock.o)
                                0x345 (size before relaxing)
 .debug_str     0x00000d72      0x7d9 .\CortexM3\ARM_GCC_541\Debug\Bluetooth01.a(CyLib.o)
                                0xa56 (size before relaxing)
 .debug_str     0x0000154b      0x365 .\CortexM3\ARM_GCC_541\Debug\Bluetooth01.a(cyPm.o)
                                0x742 (size before relaxing)
 .debug_str     0x000018b0      0x1bb .\CortexM3\ARM_GCC_541\Debug\Bluetooth01.a(CyFlash.o)
                                0x3cf (size before relaxing)
 .debug_str     0x00001a6b       0xac .\CortexM3\ARM_GCC_541\Debug\Bluetooth01.a(CySpc.o)
                                0x347 (size before relaxing)

.debug_loc      0x00000000     0x2167
 *(.debug_loc)
 .debug_loc     0x00000000      0x25a .\CortexM3\ARM_GCC_541\Debug\cyfitter_cfg.o
 .debug_loc     0x0000025a      0x144 .\CortexM3\ARM_GCC_541\Debug\Cm3Start.o
 .debug_loc     0x0000039e      0x3c6 .\CortexM3\ARM_GCC_541\Debug\Bluetooth01.a(LCD.o)
 .debug_loc     0x00000764       0x26 .\CortexM3\ARM_GCC_541\Debug\Bluetooth01.a(PWM.o)
 .debug_loc     0x0000078a      0x128 .\CortexM3\ARM_GCC_541\Debug\Bluetooth01.a(Clock_1.o)
 .debug_loc     0x000008b2       0x87 .\CortexM3\ARM_GCC_541\Debug\Bluetooth01.a(UART.o)
 .debug_loc     0x00000939       0x56 .\CortexM3\ARM_GCC_541\Debug\Bluetooth01.a(RXisr.o)
 .debug_loc     0x0000098f      0x12c .\CortexM3\ARM_GCC_541\Debug\Bluetooth01.a(UART_IntClock.o)
 .debug_loc     0x00000abb      0xa11 .\CortexM3\ARM_GCC_541\Debug\Bluetooth01.a(CyLib.o)
 .debug_loc     0x000014cc      0x1e4 .\CortexM3\ARM_GCC_541\Debug\Bluetooth01.a(cyPm.o)
 .debug_loc     0x000016b0      0x3b2 .\CortexM3\ARM_GCC_541\Debug\Bluetooth01.a(CyFlash.o)
 .debug_loc     0x00001a62      0x705 .\CortexM3\ARM_GCC_541\Debug\Bluetooth01.a(CySpc.o)

.debug_macinfo
 *(.debug_macinfo)

.debug_ranges   0x00000000      0x760
 *(.debug_ranges)
 .debug_ranges  0x00000000       0x18 .\CortexM3\ARM_GCC_541\Debug\main.o
 .debug_ranges  0x00000018       0x48 .\CortexM3\ARM_GCC_541\Debug\cyfitter_cfg.o
 .debug_ranges  0x00000060       0x38 .\CortexM3\ARM_GCC_541\Debug\Cm3Start.o
 .debug_ranges  0x00000098       0x88 .\CortexM3\ARM_GCC_541\Debug\Bluetooth01.a(LCD.o)
 .debug_ranges  0x00000120       0x88 .\CortexM3\ARM_GCC_541\Debug\Bluetooth01.a(PWM.o)
 .debug_ranges  0x000001a8       0x60 .\CortexM3\ARM_GCC_541\Debug\Bluetooth01.a(Clock_1.o)
 .debug_ranges  0x00000208       0x88 .\CortexM3\ARM_GCC_541\Debug\Bluetooth01.a(UART.o)
 .debug_ranges  0x00000290       0x70 .\CortexM3\ARM_GCC_541\Debug\Bluetooth01.a(RXisr.o)
 .debug_ranges  0x00000300       0x60 .\CortexM3\ARM_GCC_541\Debug\Bluetooth01.a(UART_IntClock.o)
 .debug_ranges  0x00000360      0x290 .\CortexM3\ARM_GCC_541\Debug\Bluetooth01.a(CyLib.o)
 .debug_ranges  0x000005f0       0x88 .\CortexM3\ARM_GCC_541\Debug\Bluetooth01.a(cyPm.o)
 .debug_ranges  0x00000678       0x78 .\CortexM3\ARM_GCC_541\Debug\Bluetooth01.a(CyFlash.o)
 .debug_ranges  0x000006f0       0x70 .\CortexM3\ARM_GCC_541\Debug\Bluetooth01.a(CySpc.o)

.comment        0x00000000       0x6e
 .comment       0x00000000       0x6e .\CortexM3\ARM_GCC_541\Debug\main.o
                                 0x6f (size before relaxing)
 .comment       0x0000006e       0x6f .\CortexM3\ARM_GCC_541\Debug\cyfitter_cfg.o
 .comment       0x0000006e       0x6f .\CortexM3\ARM_GCC_541\Debug\cymetadata.o
 .comment       0x0000006e       0x6f .\CortexM3\ARM_GCC_541\Debug\Cm3Start.o
 .comment       0x0000006e       0x6f .\CortexM3\ARM_GCC_541\Debug\Bluetooth01.a(LCD.o)
 .comment       0x0000006e       0x6f .\CortexM3\ARM_GCC_541\Debug\Bluetooth01.a(PWM.o)
 .comment       0x0000006e       0x6f .\CortexM3\ARM_GCC_541\Debug\Bluetooth01.a(Clock_1.o)
 .comment       0x0000006e       0x6f .\CortexM3\ARM_GCC_541\Debug\Bluetooth01.a(UART.o)
 .comment       0x0000006e       0x6f .\CortexM3\ARM_GCC_541\Debug\Bluetooth01.a(RXisr.o)
 .comment       0x0000006e       0x6f .\CortexM3\ARM_GCC_541\Debug\Bluetooth01.a(UART_IntClock.o)
 .comment       0x0000006e       0x6f .\CortexM3\ARM_GCC_541\Debug\Bluetooth01.a(CyLib.o)
 .comment       0x0000006e       0x6f .\CortexM3\ARM_GCC_541\Debug\Bluetooth01.a(cyPm.o)
 .comment       0x0000006e       0x6f .\CortexM3\ARM_GCC_541\Debug\Bluetooth01.a(CyFlash.o)
 .comment       0x0000006e       0x6f .\CortexM3\ARM_GCC_541\Debug\Bluetooth01.a(CySpc.o)

.debug_weaknames
 *(.debug_weaknames)

.debug_funcnames
 *(.debug_funcnames)

.debug_typenames
 *(.debug_typenames)

.debug_varnames
 *(.debug_varnames)

.note.gnu.arm.ident
 *(.note.gnu.arm.ident)

.ARM.attributes
                0x00000000       0x29
 *(.ARM.attributes)
 .ARM.attributes
                0x00000000       0x1d c:/program files (x86)/cypress/psoc creator/4.2/psoc creator/import/gnu/arm/5.4.1/bin/../lib/gcc/arm-none-eabi/5.4.1/armv7-m/crti.o
 .ARM.attributes
                0x0000001d       0x2d c:/program files (x86)/cypress/psoc creator/4.2/psoc creator/import/gnu/arm/5.4.1/bin/../lib/gcc/arm-none-eabi/5.4.1/armv7-m/crtbegin.o
 .ARM.attributes
                0x0000004a       0x1b c:/program files (x86)/cypress/psoc creator/4.2/psoc creator/import/gnu/arm/5.4.1/bin/../lib/gcc/arm-none-eabi/5.4.1/../../../../arm-none-eabi/lib/armv7-m/crt0.o
 .ARM.attributes
                0x00000065       0x33 .\CortexM3\ARM_GCC_541\Debug\main.o
 .ARM.attributes
                0x00000098       0x33 .\CortexM3\ARM_GCC_541\Debug\cyfitter_cfg.o
 .ARM.attributes
                0x000000cb       0x33 .\CortexM3\ARM_GCC_541\Debug\cymetadata.o
 .ARM.attributes
                0x000000fe       0x33 .\CortexM3\ARM_GCC_541\Debug\Cm3Start.o
 .ARM.attributes
                0x00000131       0x33 .\CortexM3\ARM_GCC_541\Debug\Bluetooth01.a(LCD.o)
 .ARM.attributes
                0x00000164       0x33 .\CortexM3\ARM_GCC_541\Debug\Bluetooth01.a(PWM.o)
 .ARM.attributes
                0x00000197       0x33 .\CortexM3\ARM_GCC_541\Debug\Bluetooth01.a(Clock_1.o)
 .ARM.attributes
                0x000001ca       0x33 .\CortexM3\ARM_GCC_541\Debug\Bluetooth01.a(UART.o)
 .ARM.attributes
                0x000001fd       0x33 .\CortexM3\ARM_GCC_541\Debug\Bluetooth01.a(RXisr.o)
 .ARM.attributes
                0x00000230       0x33 .\CortexM3\ARM_GCC_541\Debug\Bluetooth01.a(UART_IntClock.o)
 .ARM.attributes
                0x00000263       0x33 .\CortexM3\ARM_GCC_541\Debug\Bluetooth01.a(CyLib.o)
 .ARM.attributes
                0x00000296       0x33 .\CortexM3\ARM_GCC_541\Debug\Bluetooth01.a(cyPm.o)
 .ARM.attributes
                0x000002c9       0x21 .\CortexM3\ARM_GCC_541\Debug\Bluetooth01.a(CyBootAsmGnu.o)
 .ARM.attributes
                0x000002ea       0x33 .\CortexM3\ARM_GCC_541\Debug\Bluetooth01.a(CyFlash.o)
 .ARM.attributes
                0x0000031d       0x33 .\CortexM3\ARM_GCC_541\Debug\Bluetooth01.a(CySpc.o)
 .ARM.attributes
                0x00000350       0x2d c:/program files (x86)/cypress/psoc creator/4.2/psoc creator/import/gnu/arm/5.4.1/bin/../lib/gcc/arm-none-eabi/5.4.1/../../../../arm-none-eabi/lib/armv7-m\libg_nano.a(lib_a-errno.o)
 .ARM.attributes
                0x0000037d       0x2d c:/program files (x86)/cypress/psoc creator/4.2/psoc creator/import/gnu/arm/5.4.1/bin/../lib/gcc/arm-none-eabi/5.4.1/../../../../arm-none-eabi/lib/armv7-m\libg_nano.a(lib_a-exit.o)
 .ARM.attributes
                0x000003aa       0x2d c:/program files (x86)/cypress/psoc creator/4.2/psoc creator/import/gnu/arm/5.4.1/bin/../lib/gcc/arm-none-eabi/5.4.1/../../../../arm-none-eabi/lib/armv7-m\libg_nano.a(lib_a-impure.o)
 .ARM.attributes
                0x000003d7       0x2d c:/program files (x86)/cypress/psoc creator/4.2/psoc creator/import/gnu/arm/5.4.1/bin/../lib/gcc/arm-none-eabi/5.4.1/../../../../arm-none-eabi/lib/armv7-m\libg_nano.a(lib_a-init.o)
 .ARM.attributes
                0x00000404       0x2d c:/program files (x86)/cypress/psoc creator/4.2/psoc creator/import/gnu/arm/5.4.1/bin/../lib/gcc/arm-none-eabi/5.4.1/../../../../arm-none-eabi/lib/armv7-m\libg_nano.a(lib_a-memcpy-stub.o)
 .ARM.attributes
                0x00000431       0x2d c:/program files (x86)/cypress/psoc creator/4.2/psoc creator/import/gnu/arm/5.4.1/bin/../lib/gcc/arm-none-eabi/5.4.1/../../../../arm-none-eabi/lib/armv7-m\libg_nano.a(lib_a-memset.o)
 .ARM.attributes
                0x0000045e       0x2d c:/program files (x86)/cypress/psoc creator/4.2/psoc creator/import/gnu/arm/5.4.1/bin/../lib/gcc/arm-none-eabi/5.4.1/armv7-m/crtend.o
 .ARM.attributes
                0x0000048b       0x1d c:/program files (x86)/cypress/psoc creator/4.2/psoc creator/import/gnu/arm/5.4.1/bin/../lib/gcc/arm-none-eabi/5.4.1/armv7-m/crtn.o

/DISCARD/
 *(.note.GNU-stack)
OUTPUT(C:\Users\quiqu\OneDrive\Documentos\PSoC Creator\Comunicaciones\Bluetooth01.cydsn\CortexM3\ARM_GCC_541\Debug\Bluetooth01.elf elf32-littlearm)
